TAP version 13
# Subtest: registers conversation handlers and forwards public events
ok 1 - registers conversation handlers and forwards public events
  ---
  duration_ms: 3.4027
  type: 'test'
  ...
# Subtest: starts and closes the license lifecycle and forwards service status events to the renderer
ok 2 - starts and closes the license lifecycle and forwards service status events to the renderer
  ---
  duration_ms: 4.4738
  type: 'test'
  ...
# Subtest: conversation reasoning effort from Pi reaches the configured upstream request
ok 3 - conversation reasoning effort from Pi reaches the configured upstream request
  ---
  duration_ms: 1.3443
  type: 'test'
  ...
# Subtest: conversation proxy diagnostics omit endpoint and prompt fingerprints
ok 4 - conversation proxy diagnostics omit endpoint and prompt fingerprints
  ---
  duration_ms: 0.7116
  type: 'test'
  ...
# Subtest: image capability errors are detected only for multimodal requests
ok 5 - image capability errors are detected only for multimodal requests
  ---
  duration_ms: 0.6502
  type: 'test'
  ...
# Subtest: conversation analytics omit the configured model endpoint
ok 6 - conversation analytics omit the configured model endpoint
  ---
  duration_ms: 4.5124
  type: 'test'
  ...
# Subtest: keeps a bounded queue and discards expired events
ok 7 - keeps a bounded queue and discards expired events
  ---
  duration_ms: 18.0012
  type: 'test'
  ...
# Subtest: queues an event locally when no LAN server has been configured
ok 8 - queues an event locally when no LAN server has been configured
  ---
  duration_ms: 3.3831
  type: 'test'
  ...
# Subtest: flushes queued events to the configured LAN manager and removes accepted ids
ok 9 - flushes queued events to the configured LAN manager and removes accepted ids
  ---
  duration_ms: 1.392
  type: 'test'
  ...
# Subtest: format requirements is the third required Markdown task and the old structured task is inactive
ok 10 - format requirements is the third required Markdown task and the old structured task is inactive
  ---
  duration_ms: 3.0749
  type: 'test'
  ...
# Subtest: format requirements accepts only the fixed first-line status marker
ok 11 - format requirements accepts only the fixed first-line status marker
  ---
  duration_ms: 0.6699
  type: 'test'
  ...
# Subtest: format requirements uses one Markdown chat request and no JSON or anchor path
ok 12 - format requirements uses one Markdown chat request and no JSON or anchor path
  ---
  duration_ms: 1.6533
  type: 'test'
  ...
# Subtest: single-item format retry stores valid Markdown and rejects a missing status marker
not ok 13 - single-item format retry stores valid Markdown and rejects a missing status marker
  ---
  duration_ms: 5.7926
  type: 'test'
  location: 'D:\\Documents\\OpenJatobid\\client\\electron\\services\\bidAnalysisMarkdownFormat.test.cjs:92:1'
  failureType: 'testCodeFailure'
  error: |-
    Expected values to be strictly equal:
    
    'error' !== 'success'
    
  code: 'ERR_ASSERTION'
  name: 'AssertionError'
  expected: 'success'
  actual: 'error'
  operator: 'strictEqual'
  stack: |-
    TestContext.<anonymous> (D:\Documents\OpenJatobid\client\electron\services\bidAnalysisMarkdownFormat.test.cjs:116:10)
    async Test.run (node:internal/test_runner/test:1313:7)
    async Test.processPendingSubtests (node:internal/test_runner/test:897:7)
  ...
# Subtest: 资料修订后拒绝单项重跑，避免新来源快照混入旧成功项
ok 14 - 资料修订后拒绝单项重跑，避免新来源快照混入旧成功项
  ---
  duration_ms: 4.9385
  type: 'test'
  ...
# Subtest: 采购与报价使用摘要结构化 JSON 固定 schema
ok 15 - 采购与报价使用摘要结构化 JSON 固定 schema
  ---
  duration_ms: 3.1232
  type: 'test'
  ...
# Subtest: 分段招标解析会报告每段完成及合并阶段
ok 16 - 分段招标解析会报告每段完成及合并阶段
  ---
  duration_ms: 2.1766
  type: 'test'
  ...
# Subtest: 采购与报价解析仅发送采购报价相关片段
ok 17 - 采购与报价解析仅发送采购报价相关片段
  ---
  duration_ms: 3.5818
  type: 'test'
  ...
# Subtest: 技术评分要求解析完成后自动识别重点编写项，失败前不阻断解析任务
ok 18 - 技术评分要求解析完成后自动识别重点编写项，失败前不阻断解析任务
  ---
  duration_ms: 3.703
  type: 'test'
  ...
# Subtest: 重点编写项识别失败时按普通目录流程完成招标文件解析
ok 19 - 重点编写项识别失败时按普通目录流程完成招标文件解析
  ---
  duration_ms: 2.0723
  type: 'test'
  ...
# Subtest: 多标段识别仅返回一个有效标段时恢复为单标段
ok 20 - 多标段识别仅返回一个有效标段时恢复为单标段
  ---
  duration_ms: 5.1632
  type: 'test'
  ...
# Subtest: 多标段识别会并发提交全部文本分段，再等待候选合并
ok 21 - 多标段识别会并发提交全部文本分段，再等待候选合并
  ---
  duration_ms: 21.8465
  type: 'test'
  ...
# Subtest: 并发分段有一段失败后，其他完成请求不会将任务恢复为运行中
ok 22 - 并发分段有一段失败后，其他完成请求不会将任务恢复为运行中
  ---
  duration_ms: 4.3049
  type: 'test'
  ...
# Subtest: 多标段识别清理展示描述中的原始行号、分隔符和换行标签
ok 23 - 多标段识别清理展示描述中的原始行号、分隔符和换行标签
  ---
  duration_ms: 1.568
  type: 'test'
  ...
# Subtest: process renders nodes and source edges rather than flat cards
ok 24 - process renders nodes and source edges rather than flat cards
  ---
  duration_ms: 4.3277
  type: 'test'
  ...
# Subtest: organization renders nodes and source edges rather than flat cards
ok 25 - organization renders nodes and source edges rather than flat cards
  ---
  duration_ms: 0.5342
  type: 'test'
  ...
# Subtest: timeline renders nodes and source edges rather than flat cards
ok 26 - timeline renders nodes and source edges rather than flat cards
  ---
  duration_ms: 12.3212
  type: 'test'
  ...
# Subtest: architecture renders nodes and source edges rather than flat cards
ok 27 - architecture renders nodes and source edges rather than flat cards
  ---
  duration_ms: 0.3726
  type: 'test'
  ...
# Subtest: 接受受控 RACI JSON DSL
ok 28 - 接受受控 RACI JSON DSL
  ---
  duration_ms: 1.7935
  type: 'test'
  ...
# Subtest: 拒绝 HTML、未知字段和不存在的边引用
ok 29 - 拒绝 HTML、未知字段和不存在的边引用
  ---
  duration_ms: 1.0035
  type: 'test'
  ...
# Subtest: persists LAN management identity without replacing the existing analytics client id
ok 30 - persists LAN management identity without replacing the existing analytics client id
  ---
  duration_ms: 42.5085
  type: 'test'
  ...
# Subtest: does not create a LongCat profile for new configurations
ok 31 - does not create a LongCat profile for new configurations
  ---
  duration_ms: 4.6505
  type: 'test'
  ...
# Subtest: preserves an existing LongCat provider as a legacy configuration
ok 32 - preserves an existing LongCat provider as a legacy configuration
  ---
  duration_ms: 10.0593
  type: 'test'
  ...
# Subtest: migrates local rendering defaults without dropping LAN or unknown configuration fields
ok 33 - migrates local rendering defaults without dropping LAN or unknown configuration fields
  ---
  duration_ms: 11.812
  type: 'test'
  ...
# Subtest: migrates the obsolete GitHub update channel to the Cloudflare R2 channel
ok 34 - migrates the obsolete GitHub update channel to the Cloudflare R2 channel
  ---
  duration_ms: 11.4295
  type: 'test'
  ...
# Subtest: Content Plan v5 保留完整章节写作合同并拒绝 v4 复用
ok 35 - Content Plan v5 保留完整章节写作合同并拒绝 v4 复用
  ---
  duration_ms: 6.7699
  type: 'test'
  ...
# Subtest: 旧策略计划保持结构可读并保留原方案来源映射
ok 36 - 旧策略计划保持结构可读并保留原方案来源映射
  ---
  duration_ms: 2.0509
  type: 'test'
  ...
# Subtest: 深度写作合同进入正文提示词，编排提示词要求完整合同
ok 37 - 深度写作合同进入正文提示词，编排提示词要求完整合同
  ---
  duration_ms: 2.1412
  type: 'test'
  ...
# Subtest: 三级叶子正文请求获得本节时限、交付形式与祖先共通边界
ok 38 - 三级叶子正文请求获得本节时限、交付形式与祖先共通边界
  ---
  duration_ms: 1.3371
  type: 'test'
  ...
# Subtest: 正文消息使用 1.7.3 共用政策并移除机械短句硬规则
ok 39 - 正文消息使用 1.7.3 共用政策并移除机械短句硬规则
  ---
  duration_ms: 0.7915
  type: 'test'
  ...
# Subtest: 正文计划格式化保留排除边界并省略无意义空字段
ok 40 - 正文计划格式化保留排除边界并省略无意义空字段
  ---
  duration_ms: 0.6249
  type: 'test'
  ...
# Subtest: 纯正文和 JSON 修订路径选择适用政策且保留协议
ok 41 - 纯正文和 JSON 修订路径选择适用政策且保留协议
  ---
  duration_ms: 1.4467
  type: 'test'
  ...
# Subtest: 评分价值扩写提示词保留章节合同而非只按字数扩写
ok 42 - 评分价值扩写提示词保留章节合同而非只按字数扩写
  ---
  duration_ms: 1.047
  type: 'test'
  ...
# Subtest: 正文扩写按多个精确锚点局部插入，不重写整节正文
ok 43 - 正文扩写按多个精确锚点局部插入，不重写整节正文
  ---
  duration_ms: 4.7215
  type: 'test'
  ...
# Subtest: 正文扩写拒绝模糊、重复或受保护 Markdown 范围
ok 44 - 正文扩写拒绝模糊、重复或受保护 Markdown 范围
  ---
  duration_ms: 1.8761
  type: 'test'
  ...
# Subtest: 原方案补写复用精确锚点和受保护范围运行时
ok 45 - 原方案补写复用精确锚点和受保护范围运行时
  ---
  duration_ms: 2.8839
  type: 'test'
  ...
# Subtest: 原方案优化必须原样保留既有表格和图片引用
ok 46 - 原方案优化必须原样保留既有表格和图片引用
  ---
  duration_ms: 1.8135
  type: 'test'
  ...
# Subtest: 最低字数补目录接受同一二级目录下六个独立三级叶子
ok 47 - 最低字数补目录接受同一二级目录下六个独立三级叶子
  ---
  duration_ms: 2.2963
  type: 'test'
  ...
# Subtest: 最低字数补目录接受三级叶子和单分支，人工祖先不可追加
ok 48 - 最低字数补目录接受三级叶子和单分支，人工祖先不可追加
  ---
  duration_ms: 0.7234
  type: 'test'
  ...
# Subtest: 正文补目录与 JSON 修复使用自然拆分规则及原补丁形状
ok 49 - 正文补目录与 JSON 修复使用自然拆分规则及原补丁形状
  ---
  duration_ms: 0.7888
  type: 'test'
  ...
# Subtest: 正文补目录示例 parent_id 不指向人工祖先下的 locked 节点
ok 50 - 正文补目录示例 parent_id 不指向人工祖先下的 locked 节点
  ---
  duration_ms: 0.4654
  type: 'test'
  ...
# Subtest: 正文补目录不把非法 children 静默降为三级叶子
ok 51 - 正文补目录不把非法 children 静默降为三级叶子
  ---
  duration_ms: 0.977
  type: 'test'
  ...
# Subtest: 最低字数补目录仅允许重点章节新增五级叶子，且不拆分已有正文节点
ok 52 - 最低字数补目录仅允许重点章节新增五级叶子，且不拆分已有正文节点
  ---
  duration_ms: 0.8209
  type: 'test'
  ...
# Subtest: 项目理解扩写和重生成必须保留既有证据标记
ok 53 - 项目理解扩写和重生成必须保留既有证据标记
  ---
  duration_ms: 0.6612
  type: 'test'
  ...
# Subtest: 创意 AI 生图提示词使用 Creative Brief 且禁止伪造品牌资产
ok 54 - 创意 AI 生图提示词使用 Creative Brief 且禁止伪造品牌资产
  ---
  duration_ms: 2.9598
  type: 'test'
  ...
# Subtest: 安监环视觉风格将专业对象和已确认配色传入 HTML 与 AI 生图上下文
ok 55 - 安监环视觉风格将专业对象和已确认配色传入 HTML 与 AI 生图上下文
  ---
  duration_ms: 0.5041
  type: 'test'
  ...
# Subtest: HTML 图种选择固定横版画布，未知类型保守采用 4:3
ok 56 - HTML 图种选择固定横版画布，未知类型保守采用 4:3
  ---
  duration_ms: 3.692
  type: 'test'
  ...
# Subtest: HTML 探测和截图共用同一固定画布
ok 57 - HTML 探测和截图共用同一固定画布
  ---
  duration_ms: 4.021
  type: 'test'
  ...
# Subtest: normal HTML illustration follows the upstream prompt, persists source, renders PNG and returns asset URL
ok 58 - normal HTML illustration follows the upstream prompt, persists source, renders PNG and returns asset URL
  ---
  duration_ms: 1.139
  type: 'test'
  ...
# Subtest: HTML illustration resumes from the deterministic saved source without calling the model
ok 59 - HTML illustration resumes from the deterministic saved source without calling the model
  ---
  duration_ms: 0.892
  type: 'test'
  ...
# Subtest: long HTML illustration uses the Agent output contract
ok 60 - long HTML illustration uses the Agent output contract
  ---
  duration_ms: 1.6636
  type: 'test'
  ...
# Subtest: HTML illustration resumes directly from the recorded source path
ok 61 - HTML illustration resumes directly from the recorded source path
  ---
  duration_ms: 0.933
  type: 'test'
  ...
# Subtest: HTML render failure keeps the persisted source path for the next run
ok 62 - HTML render failure keeps the persisted source path for the next run
  ---
  duration_ms: 1.5785
  type: 'test'
  ...
# Subtest: HTML 横向溢出会反馈诊断并在限定轮次内修复
ok 63 - HTML 横向溢出会反馈诊断并在限定轮次内修复
  ---
  duration_ms: 1.6351
  type: 'test'
  ...
# Subtest: HTML 文字变形诊断会反馈给布局修复，并在修复后保存 PNG
ok 64 - HTML 文字变形诊断会反馈给布局修复，并在修复后保存 PNG
  ---
  duration_ms: 1.4712
  type: 'test'
  ...
# Subtest: HTML 布局诊断持续失败时保留源码且不保存 PNG
ok 65 - HTML 布局诊断持续失败时保留源码且不保存 PNG
  ---
  duration_ms: 1.3653
  type: 'test'
  ...
# Subtest: illustration cleanup changes only freeform leaves
not ok 66 - illustration cleanup changes only freeform leaves
  ---
  duration_ms: 3.4291
  type: 'test'
  location: 'D:\\Documents\\OpenJatobid\\client\\electron\\services\\contentIllustrationGeneration.protection.test.cjs:26:1'
  failureType: 'testCodeFailure'
  error: |-
    Expected values to be strictly equal:
    + actual - expected
    
    + '承诺原文'
    - '承诺原文\n' +
    -   '\n' +
    -   '<!-- yibiao-illustration:start id="old" -->\n' +
    -   '旧图\n' +
    -   '<!-- yibiao-illustration:end -->'
    
  code: 'ERR_ASSERTION'
  name: 'AssertionError'
  expected: |-
    承诺原文
    
    <!-- yibiao-illustration:start id="old" -->
    旧图
    <!-- yibiao-illustration:end -->
  actual: '承诺原文'
  operator: 'strictEqual'
  stack: |-
    TestContext.<anonymous> (D:\Documents\OpenJatobid\client\electron\services\contentIllustrationGeneration.protection.test.cjs:28:10)
    Test.runInAsyncScope (node:async_hooks:226:14)
    Test.run (node:internal/test_runner/test:1306:25)
    Test.start (node:internal/test_runner/test:1177:17)
    startSubtestAfterBootstrap (node:internal/test_runner/harness:385:17)
  ...
# Subtest: illustration apply rejects protected targets
not ok 67 - illustration apply rejects protected targets
  ---
  duration_ms: 4.1189
  type: 'test'
  location: 'D:\\Documents\\OpenJatobid\\client\\electron\\services\\contentIllustrationGeneration.protection.test.cjs:34:1'
  failureType: 'testCodeFailure'
  error: 'Missing expected exception.'
  code: 'ERR_ASSERTION'
  name: 'AssertionError'
  expected:
  operator: 'throws'
  stack: |-
    TestContext.<anonymous> (D:\Documents\OpenJatobid\client\electron\services\contentIllustrationGeneration.protection.test.cjs:35:10)
    Test.runInAsyncScope (node:async_hooks:226:14)
    Test.run (node:internal/test_runner/test:1306:25)
    Test.processPendingSubtests (node:internal/test_runner/test:897:18)
    Test.postRun (node:internal/test_runner/test:1447:19)
    Test.run (node:internal/test_runner/test:1372:12)
    async startSubtestAfterBootstrap (node:internal/test_runner/harness:385:3)
  ...
# Subtest: 人工祖先保护未逐个标记的后代图片和附件引用
ok 68 - 人工祖先保护未逐个标记的后代图片和附件引用
  ---
  duration_ms: 0.8887
  type: 'test'
  ...
# Subtest: 多张图片按不同正文块锚点插入同一小节且保留顺序
ok 69 - 多张图片按不同正文块锚点插入同一小节且保留顺序
  ---
  duration_ms: 20.7454
  type: 'test'
  ...
# Subtest: 正文块哈希失配时退化到章节末尾并返回人工核对标记
ok 70 - 正文块哈希失配时退化到章节末尾并返回人工核对标记
  ---
  duration_ms: 0.9755
  type: 'test'
  ...
# Subtest: AI 与 HTML 候选独立保留，不因另一类图片数量或相同作用被挤占
ok 71 - AI 与 HTML 候选独立保留，不因另一类图片数量或相同作用被挤占
  ---
  duration_ms: 12.6458
  type: 'test'
  ...
# Subtest: 图片编排只接受 HTML 和 AI 类型
ok 72 - 图片编排只接受 HTML 和 AI 类型
  ---
  duration_ms: 1.5124
  type: 'test'
  ...
# Subtest: 图片编排配置不再携带数量上限
ok 73 - 图片编排配置不再携带数量上限
  ---
  duration_ms: 1.5801
  type: 'test'
  ...
# Subtest: 视觉风格按项目专业对象和核心成果识别，不被 Agent 示例风格带偏
ok 74 - 视觉风格按项目专业对象和核心成果识别，不被 Agent 示例风格带偏
  ---
  duration_ms: 1.085
  type: 'test'
  ...
# Subtest: 通用工作动作不足以推荐视觉风格
ok 75 - 通用工作动作不足以推荐视觉风格
  ---
  duration_ms: 0.6995
  type: 'test'
  ...
# Subtest: 视觉节奏诊断只给出建议，不改变已选择图片计划
ok 76 - 视觉节奏诊断只给出建议，不改变已选择图片计划
  ---
  duration_ms: 1.8665
  type: 'test'
  ...
# Subtest: 大量长文小节未配图时拒绝图片编排结果
ok 77 - 大量长文小节未配图时拒绝图片编排结果
  ---
  duration_ms: 1.5165
  type: 'test'
  ...
# Subtest: 人工编辑章节不计入图片覆盖和视觉节奏诊断
ok 78 - 人工编辑章节不计入图片覆盖和视觉节奏诊断
  ---
  duration_ms: 0.8654
  type: 'test'
  ...
# Subtest: 四级和五级正文叶子都可进入图片编排，人工五级叶子继续排除
ok 79 - 四级和五级正文叶子都可进入图片编排，人工五级叶子继续排除
  ---
  duration_ms: 0.7439
  type: 'test'
  ...
# Subtest: 人工祖先下未逐个标记的叶子不进入自动配图
ok 80 - 人工祖先下未逐个标记的叶子不进入自动配图
  ---
  duration_ms: 0.6636
  type: 'test'
  ...
# Subtest: 评分价值和合同缺口优先级不再按最短正文排序
ok 81 - 评分价值和合同缺口优先级不再按最短正文排序
  ---
  duration_ms: 2.349
  type: 'test'
  ...
# Subtest: 质量审核输出评分覆盖、执行性、合规和模拟评分
ok 82 - 质量审核输出评分覆盖、执行性、合规和模拟评分
  ---
  duration_ms: 3.5368
  type: 'test'
  ...
# Subtest: 质量诊断定位非开头精确重复和轻微改写候选，不改变准入语义
ok 83 - 质量诊断定位非开头精确重复和轻微改写候选，不改变准入语义
  ---
  duration_ms: 2.5702
  type: 'test'
  ...
# Subtest: 质量诊断保留数值和否定差异，忽略受保护表格，并识别碎片句
ok 84 - 质量诊断保留数值和否定差异，忽略受保护表格，并识别碎片句
  ---
  duration_ms: 0.5749
  type: 'test'
  ...
# Subtest: manual leaves are export-complete without generated body text
ok 85 - manual leaves are export-complete without generated body text
  ---
  duration_ms: 3.4835
  type: 'test'
  ...
# Subtest: 轻量章节上下文保留静态职责、排除主题并限制已落盘摘录预算
ok 86 - 轻量章节上下文保留静态职责、排除主题并限制已落盘摘录预算
  ---
  duration_ms: 3.1704
  type: 'test'
  ...
# Subtest: 10001 visible characters become one exact UTF-8 ready TXT attachment
ok 87 - 10001 visible characters become one exact UTF-8 ready TXT attachment
  ---
  duration_ms: 87.5565
  type: 'test'
  ...
# Subtest: attachment selection prevalidates the whole batch and returns visible placeholders before serial parsing
ok 88 - attachment selection prevalidates the whole batch and returns visible placeholders before serial parsing
  ---
  duration_ms: 65.8486
  type: 'test'
  ...
# Subtest: six selected attachments are rejected before any metadata or copy is created
ok 89 - six selected attachments are rejected before any metadata or copy is created
  ---
  duration_ms: 16.3093
  type: 'test'
  ...
# Subtest: attachment errors exposed to Renderer never include source paths
ok 90 - attachment errors exposed to Renderer never include source paths
  ---
  duration_ms: 0.7707
  type: 'test'
  ...
# Subtest: common image formats are normalized for multimodal requests without document parsing
ok 91 - common image formats are normalized for multimodal requests without document parsing
  ---
  duration_ms: 130.9132
  type: 'test'
  ...
# Subtest: history keeps only completed user/assistant messages before the current message
ok 92 - history keeps only completed user/assistant messages before the current message
  ---
  duration_ms: 2.5796
  type: 'test'
  ...
# Subtest: workspace exposes attachment content as files instead of inlining it into the prompt
ok 93 - workspace exposes attachment content as files instead of inlining it into the prompt
  ---
  duration_ms: 1.2975
  type: 'test'
  ...
# Subtest: workspace sends images separately from text files and keeps base64 out of the prompt workspace
ok 94 - workspace sends images separately from text files and keeps base64 out of the prompt workspace
  ---
  duration_ms: 0.5616
  type: 'test'
  ...
# Subtest: reasoning negotiation only falls back for explicit capability errors
ok 95 - reasoning negotiation only falls back for explicit capability errors
  ---
  duration_ms: 2.0045
  type: 'test'
  ...
# Subtest: deleting the last thread creates exactly one replacement thread
ok 96 - deleting the last thread creates exactly one replacement thread
  ---
  duration_ms: 7.4627
  type: 'test'
  ...
# Subtest: send returns placeholders immediately, streams in memory, and persists once on completion
ok 97 - send returns placeholders immediately, streams in memory, and persists once on completion
  ---
  duration_ms: 33.6228
  type: 'test'
  ...
# Subtest: cancel aborts the active Pi task and persists streamed partial content once
ok 98 - cancel aborts the active Pi task and persists streamed partial content once
  ---
  duration_ms: 5.2509
  type: 'test'
  ...
# Subtest: store creates a thread, binds a ready attachment, and persists a completed response transactionally
ok 99 - store creates a thread, binds a ready attachment, and persists a completed response transactionally
  ---
  duration_ms: 11.6951
  type: 'test'
  ...
# Subtest: store recovers interrupted assistant messages as errors
ok 100 - store recovers interrupted assistant messages as errors
  ---
  duration_ms: 2.2553
  type: 'test'
  ...
# Subtest: uses a fixed Windows bootstrap path outside Electron userData
ok 101 - uses a fixed Windows bootstrap path outside Electron userData
  ---
  duration_ms: 1.7907
  type: 'test'
  ...
# Subtest: persists only the management address and public-key trust bootstrap fields
ok 102 - persists only the management address and public-key trust bootstrap fields
  ---
  duration_ms: 13.3654
  type: 'test'
  ...
# (node:4260) ExperimentalWarning: localStorage is not available because --localstorage-file was not provided.
# (Use `node --trace-warnings ...` to show where the warning was created)
# Subtest: standalone export contains only the selected answer and no technical-plan disclaimer
ok 103 - standalone export contains only the selected answer and no technical-plan disclaimer
  ---
  duration_ms: 308.064
  type: 'test'
  ...
# Subtest: standalone export does not duplicate an existing H1
ok 104 - standalone export does not duplicate an existing H1
  ---
  duration_ms: 30.1796
  type: 'test'
  ...
# Subtest: 重点编写项识别只以技术评分要求为模型输入
ok 105 - 重点编写项识别只以技术评分要求为模型输入
  ---
  duration_ms: 5.6992
  type: 'test'
  ...
# Subtest: 流式请求收到 JSON 图片响应时仍保存真图，且不重试计费请求
ok 106 - 流式请求收到 JSON 图片响应时仍保存真图，且不重试计费请求
  ---
  duration_ms: 85.3436
  type: 'test'
  ...
# Subtest: 参考图经图像队列以 multipart 字节送 edits，尺寸不改全局设置
ok 107 - 参考图经图像队列以 multipart 字节送 edits，尺寸不改全局设置
  ---
  duration_ms: 16.1249
  type: 'test'
  ...
# Subtest: URL 图片下载失败只重试 GET，不再次 POST 生图
ok 108 - URL 图片下载失败只重试 GET，不再次 POST 生图
  ---
  duration_ms: 39.4468
  type: 'test'
  ...
# Subtest: 两个真实差异像素层写成可解析 PSD，拒绝重复整图
ok 109 - 两个真实差异像素层写成可解析 PSD，拒绝重复整图
  ---
  duration_ms: 201.9796
  type: 'test'
  ...
# Subtest: 真实产品照沿主体轮廓分层，合成逐像素等于原图并导出 PSD
ok 110 - 真实产品照沿主体轮廓分层，合成逐像素等于原图并导出 PSD
  ---
  duration_ms: 4588.0265
  type: 'test'
  ...
# Subtest: 草稿、生成快照、作品恢复与三种真实编码导出
ok 111 - 草稿、生成快照、作品恢复与三种真实编码导出
  ---
  duration_ms: 599.8312
  type: 'test'
  ...
# Subtest: 生图用途元数据跨分组重命名保留，旧对话提示词不混入
ok 112 - 生图用途元数据跨分组重命名保留，旧对话提示词不混入
  ---
  duration_ms: 62.3992
  type: 'test'
  ...
# Subtest: 参考收藏事务去重，取消不删个人副本且来源不覆盖编辑
ok 113 - 参考收藏事务去重，取消不删个人副本且来源不覆盖编辑
  ---
  duration_ms: 30.2084
  type: 'test'
  ...
# Subtest: 局部编辑以标注图请求，并逐像素保留选区外原图
ok 114 - 局部编辑以标注图请求，并逐像素保留选区外原图
  ---
  duration_ms: 163.1244
  type: 'test'
  ...
# Subtest: 图层换序后细修仍只写入稳定主体图层
ok 115 - 图层换序后细修仍只写入稳定主体图层
  ---
  duration_ms: 93.4763
  type: 'test'
  ...
# Subtest: 停止未发送任务只暂停目标作用域且不调用图片模型
ok 116 - 停止未发送任务只暂停目标作用域且不调用图片模型
  ---
  duration_ms: 20.1555
  type: 'test'
  ...
# Subtest: 已发送任务停止等待后结果仍保存且进度不回跳
ok 117 - 已发送任务停止等待后结果仍保存且进度不回跳
  ---
  duration_ms: 37.0082
  type: 'test'
  ...
# Subtest: 来源覆盖与删除不会被内置默认值复活
ok 118 - 来源覆盖与删除不会被内置默认值复活
  ---
  duration_ms: 43.8822
  type: 'test'
  ...
# Subtest: 来源校验、原子刷新、骤减和改址晚响应保护
ok 119 - 来源校验、原子刷新、骤减和改址晚响应保护
  ---
  duration_ms: 121.0922
  type: 'test'
  ...
# Subtest: 40 条整页有准确总数，七天检查无变化推进成功时间
ok 120 - 40 条整页有准确总数，七天检查无变化推进成功时间
  ---
  duration_ms: 48.7176
  type: 'test'
  ...
# Subtest: 分页边界 0、1、39、40、41、80、81 条不产生空白末页
ok 121 - 分页边界 0、1、39、40、41、80、81 条不产生空白末页
  ---
  duration_ms: 140.9685
  type: 'test'
  ...
# Subtest: 迁移保留已中文化条目，不重复付费翻译
ok 122 - 迁移保留已中文化条目，不重复付费翻译
  ---
  duration_ms: 18.3821
  type: 'test'
  ...
# Subtest: 注入时钟七天到期，ETag 304 只推进检查时间
ok 123 - 注入时钟七天到期，ETag 304 只推进检查时间
  ---
  duration_ms: 29.8452
  type: 'test'
  ...
# Subtest: 同源并发刷新只发一次请求
ok 124 - 同源并发刷新只发一次请求
  ---
  duration_ms: 31.3534
  type: 'test'
  ...
# Subtest: 单源失败独立退避，不阻塞其他到期来源
ok 125 - 单源失败独立退避，不阻塞其他到期来源
  ---
  duration_ms: 18.5861
  type: 'test'
  ...
# Subtest: 批量删除会先校验全部文档，存在无效 ID 时不删除任何已选文档
ok 126 - 批量删除会先校验全部文档，存在无效 ID 时不删除任何已选文档
  ---
  duration_ms: 21.1704
  type: 'test'
  ...
# Subtest: 批量删除去重后清理所选文档、调试日志和导入图片
ok 127 - 批量删除去重后清理所选文档、调试日志和导入图片
  ---
  duration_ms: 18.6082
  type: 'test'
  ...
# Subtest: long-document orchestration segments all four stages, item-splits, ignores batchSize, and still uses injected aiService
ok 128 - long-document orchestration segments all four stages, item-splits, ignores batchSize, and still uses injected aiService
  ---
  duration_ms: 2429.1907
  type: 'test'
  ...
# Subtest: low-context oversized business block fails before any AI request
ok 129 - low-context oversized business block fails before any AI request
  ---
  duration_ms: 21.6014
  type: 'test'
  ...
# Subtest: one oversized paragraph becomes unique persisted blocks and completes all four stages
ok 130 - one oversized paragraph becomes unique persisted blocks and completes all four stages
  ---
  duration_ms: 186.1322
  type: 'test'
  ...
# Subtest: one oversized knowledge item fails before sending an over-budget follow-up request
ok 131 - one oversized knowledge item fails before sending an over-budget follow-up request
  ---
  duration_ms: 31.863
  type: 'test'
  ...
# Subtest: ordinary short documents keep the single-segment service flow
ok 132 - ordinary short documents keep the single-segment service flow
  ---
  duration_ms: 33.7779
  type: 'test'
  ...
# Subtest: uses the 400000 fallback, 80% request budget, 20% reserve, and fixed-message deduction
ok 133 - uses the 400000 fallback, 80% request budget, 20% reserve, and fixed-message deduction
  ---
  duration_ms: 3.8269
  type: 'test'
  ...
# Subtest: fails closed before splitting one business block across low-context segments
ok 134 - fails closed before splitting one business block across low-context segments
  ---
  duration_ms: 1.5853
  type: 'test'
  ...
# Subtest: packs consecutive blocks without loss, duplication, or ordinary single-block splitting
ok 135 - packs consecutive blocks without loss, duplication, or ordinary single-block splitting
  ---
  duration_ms: 2.2356
  type: 'test'
  ...
# Subtest: keeps substantive short templates and leaves empty templates non-analyzable
ok 136 - keeps substantive short templates and leaves empty templates non-analyzable
  ---
  duration_ms: 7.7359
  type: 'test'
  ...
# Subtest: packs item sub-batches by serialized length without loss or duplication
ok 137 - packs item sub-batches by serialized length without loss or duplication
  ---
  duration_ms: 7.5615
  type: 'test'
  ...
# Subtest: merges segmented extraction and match results deterministically
ok 138 - merges segmented extraction and match results deterministically
  ---
  duration_ms: 1.1405
  type: 'test'
  ...
# Subtest: gives every ordinarily matched block one deterministic existing-item owner
ok 139 - gives every ordinarily matched block one deterministic existing-item owner
  ---
  duration_ms: 1.4649
  type: 'test'
  ...
# Subtest: recovery ownership is matches > new_items > discarded and ranges are rebuilt from claimed ids
ok 140 - recovery ownership is matches > new_items > discarded and ranges are rebuilt from claimed ids
  ---
  duration_ms: 1.0368
  type: 'test'
  ...
# Subtest: uses a byte-stable block prefix before each stage task suffix
ok 141 - uses a byte-stable block prefix before each stage task suffix
  ---
  duration_ms: 0.8924
  type: 'test'
  ...
# Subtest: waits exactly 5000ms and prevents fan-out when the active-task guard changes
ok 142 - waits exactly 5000ms and prevents fan-out when the active-task guard changes
  ---
  duration_ms: 1.1858
  type: 'test'
  ...
# Subtest: allSettled runner waits for every started task and then throws the first rejection
ok 143 - allSettled runner waits for every started task and then throws the first rejection
  ---
  duration_ms: 15.779
  type: 'test'
  ...
# Subtest: allows an injected fetch implementation without loading undici
ok 144 - allows an injected fetch implementation without loading undici
  ---
  duration_ms: 217.6787
  type: 'test'
  ...
# Subtest: uses undici fetch when no fetch implementation is injected
ok 145 - uses undici fetch when no fetch implementation is injected
  ---
  duration_ms: 250.379
  type: 'test'
  ...
# Subtest: sends authorization requests only to the configured LAN management address
ok 146 - sends authorization requests only to the configured LAN management address
  ---
  duration_ms: 3.0695
  type: 'test'
  ...
# Subtest: maps network failures to a stable unreachable error
ok 147 - maps network failures to a stable unreachable error
  ---
  duration_ms: 1.5119
  type: 'test'
  ...
# Subtest: subscribes to authorization SSE with a Bearer watch token and never puts credentials in the URL
ok 148 - subscribes to authorization SSE with a Bearer watch token and never puts credentials in the URL
  ---
  duration_ms: 7.3355
  type: 'test'
  ...
# Subtest: acknowledges a revocation with the short watch token in a POST body
ok 149 - acknowledges a revocation with the short watch token in a POST body
  ---
  duration_ms: 0.645
  type: 'test'
  ...
# Subtest: adds the default management port to a plain LAN IP
ok 150 - adds the default management port to a plain LAN IP
  ---
  duration_ms: 3.2865
  type: 'test'
  ...
# Subtest: preserves an explicitly configured port
ok 151 - preserves an explicitly configured port
  ---
  duration_ms: 0.5344
  type: 'test'
  ...
# Subtest: rejects paths, credentials, public protocols, and invalid ports
ok 152 - rejects paths, credentials, public protocols, and invalid ports
  ---
  duration_ms: 1.204
  type: 'test'
  ...
# Subtest: 大 PDF 子进程按页分片解析并合并 Markdown
ok 153 - 大 PDF 子进程按页分片解析并合并 Markdown
  ---
  duration_ms: 2553.5459
  type: 'test'
  ...
# Subtest: builds a stable Device Code from the OS machine id without Client ID, MAC, or app version
ok 154 - builds a stable Device Code from the OS machine id without Client ID, MAC, or app version
  ---
  duration_ms: 5.4394
  type: 'test'
  ...
# Subtest: logs in through the LAN manager, pins its public key, and saves a local signed license
ok 155 - logs in through the LAN manager, pins its public key, and saves a local signed license
  ---
  duration_ms: 46.0388
  type: 'test'
  ...
# Subtest: allows local login during the thirty-day window but pauses after the deadline
ok 156 - allows local login during the thirty-day window but pauses after the deadline
  ---
  duration_ms: 22.8448
  type: 'test'
  ...
# Subtest: records a server revocation immediately and refuses later offline login
ok 157 - records a server revocation immediately and refuses later offline login
  ---
  duration_ms: 19.7224
  type: 'test'
  ...
# Subtest: rejects a different management public key after first trust is established
ok 158 - rejects a different management public key after first trust is established
  ---
  duration_ms: 12.7374
  type: 'test'
  ...
# Subtest: coalesces concurrent lifecycle verification requests
ok 159 - coalesces concurrent lifecycle verification requests
  ---
  duration_ms: 12.1828
  type: 'test'
  ...
# Subtest: validates new licenses by Device Code before the legacy fingerprint
ok 160 - validates new licenses by Device Code before the legacy fingerprint
  ---
  duration_ms: 8.7467
  type: 'test'
  ...
# Subtest: keeps validating legacy licenses that only contain deviceFingerprint
ok 161 - keeps validating legacy licenses that only contain deviceFingerprint
  ---
  duration_ms: 15.3098
  type: 'test'
  ...
# Subtest: sends both stable Device Code and legacy identifiers without using Client ID as the device identity
ok 162 - sends both stable Device Code and legacy identifiers without using Client ID as the device identity
  ---
  duration_ms: 17.1833
  type: 'test'
  ...
# Subtest: includes Device Code and legacy identifiers in authorization applications
ok 163 - includes Device Code and legacy identifiers in authorization applications
  ---
  duration_ms: 2.9731
  type: 'test'
  ...
# Subtest: starts the real-time watch as soon as a pending application is approved
ok 164 - starts the real-time watch as soon as a pending application is approved
  ---
  duration_ms: 7.1029
  type: 'test'
  ...
# Subtest: restores the management address and pinned key from Bootstrap after reinstall and logs in without a new application
ok 165 - restores the management address and pinned key from Bootstrap after reinstall and logs in without a new application
  ---
  duration_ms: 11.5526
  type: 'test'
  ...
# Subtest: uses a manually restored management address for normal login without opening an application flow
ok 166 - uses a manually restored management address for normal login without opening an application flow
  ---
  duration_ms: 5.6457
  type: 'test'
  ...
# Subtest: refuses to replace a public key pinned in Bootstrap
ok 167 - refuses to replace a public key pinned in Bootstrap
  ---
  duration_ms: 14.4003
  type: 'test'
  ...
# Subtest: treats conflicting user-config and Bootstrap public keys as a trust failure
ok 168 - treats conflicting user-config and Bootstrap public keys as a trust failure
  ---
  duration_ms: 12.8882
  type: 'test'
  ...
# Subtest: persists REVOKED in the local License and never falls back to offline authorization
ok 169 - persists REVOKED in the local License and never falls back to offline authorization
  ---
  duration_ms: 15.5425
  type: 'test'
  ...
# Subtest: persists NOT_AUTHORIZED in the local License and never falls back to offline authorization
ok 170 - persists NOT_AUTHORIZED in the local License and never falls back to offline authorization
  ---
  duration_ms: 25.7534
  type: 'test'
  ...
# Subtest: handles an SSE revocation immediately, persists it, acknowledges it, and emits an unauthorized status
ok 171 - handles an SSE revocation immediately, persists it, acknowledges it, and emits an unauthorized status
  ---
  duration_ms: 13.3146
  type: 'test'
  ...
# Subtest: emits an SSE revocation without waiting for an acknowledgement request that never settles
ok 172 - emits an SSE revocation without waiting for an acknowledgement request that never settles
  ---
  duration_ms: 12.4568
  type: 'test'
  ...
# Subtest: verifies immediately before reconnecting a disconnected real-time watch
ok 173 - verifies immediately before reconnecting a disconnected real-time watch
  ---
  duration_ms: 71.868
  type: 'test'
  ...
# Subtest: keeps the thirty-minute verification interval as a fallback
ok 174 - keeps the thirty-minute verification interval as a fallback
  ---
  duration_ms: 39.1047
  type: 'test'
  ...
# Subtest: restores a reinstalled client through a real temporary Bootstrap file after user config and License are deleted
ok 175 - restores a reinstalled client through a real temporary Bootstrap file after user config and License are deleted
  ---
  duration_ms: 32.716
  type: 'test'
  ...
# Subtest: 隐藏渲染窗口保持隔离、沙箱和 Web 安全
ok 176 - 隐藏渲染窗口保持隔离、沙箱和 Web 安全
  ---
  duration_ms: 3.2394
  type: 'test'
  ...
# Subtest: 旧 HTML 只读渲染时移除脚本、事件和远程资源
ok 177 - 旧 HTML 只读渲染时移除脚本、事件和远程资源
  ---
  duration_ms: 1.6144
  type: 'test'
  ...
# Subtest: 本地渲染并发归一化固定在 1 到 20，非法值回到 5
ok 178 - 本地渲染并发归一化固定在 1 到 20，非法值回到 5
  ---
  duration_ms: 2.2458
  type: 'test'
  ...
# Subtest: 长图连续 RGBA 内存估算不作为像素上限
ok 179 - 长图连续 RGBA 内存估算不作为像素上限
  ---
  duration_ms: 0.5739
  type: 'test'
  ...
# Subtest: 完整 HTML 生图文档注入截图样式时不嵌套第二个 html 文档
ok 180 - 完整 HTML 生图文档注入截图样式时不嵌套第二个 html 文档
  ---
  duration_ms: 1.0624
  type: 'test'
  ...
# Subtest: 固定横版截图容器只在新 HTML 路径设置目标高度
ok 181 - 固定横版截图容器只在新 HTML 路径设置目标高度
  ---
  duration_ms: 8.1182
  type: 'test'
  ...
# Subtest: 缺少显式 body 的完整 HTML 仍会在运行时把已有正文纳入截图根节点
ok 182 - 缺少显式 body 的完整 HTML 仍会在运行时把已有正文纳入截图根节点
  ---
  duration_ms: 0.6211
  type: 'test'
  ...
# Subtest: HTML 布局探针覆盖文字变形、裁切、遮挡和重叠，不把竖排文字列为问题
ok 183 - HTML 布局探针覆盖文字变形、裁切、遮挡和重叠，不把竖排文字列为问题
  ---
  duration_ms: 0.5652
  type: 'test'
  ...
# Subtest: 本地 HTML 临时文件使用 file URL 加载，避免渲染阶段缺少路径转换函数
ok 184 - 本地 HTML 临时文件使用 file URL 加载，避免渲染阶段缺少路径转换函数
  ---
  duration_ms: 0.4632
  type: 'test'
  ...
# (node:41604) ExperimentalWarning: localStorage is not available because --localstorage-file was not provided.
# (Use `node --trace-warnings ...` to show where the warning was created)
# Subtest: 人工祖先的全部叶子继承 AI 禁写，且不阻止导出
ok 185 - 人工祖先的全部叶子继承 AI 禁写，且不阻止导出
  ---
  duration_ms: 5.4011
  type: 'test'
  ...
# Subtest: 四级和五级叶子都进入正文生成目标，人工五级叶子继续排除
ok 186 - 四级和五级叶子都进入正文生成目标，人工五级叶子继续排除
  ---
  duration_ms: 0.6996
  type: 'test'
  ...
# Subtest: 同章三级、四级、重点五级共七个叶子按实际树选取
ok 187 - 同章三级、四级、重点五级共七个叶子按实际树选取
  ---
  duration_ms: 0.7711
  type: 'test'
  ...
# Subtest: 目录语义审查只接受展示型结论，不能携带目录修改结果
ok 188 - 目录语义审查只接受展示型结论，不能携带目录修改结果
  ---
  duration_ms: 3.0508
  type: 'test'
  ...
# Subtest: 目录生成保留招标文件规定的一级目录，并将全部节点默认设为 AI 编制
ok 189 - 目录生成保留招标文件规定的一级目录，并将全部节点默认设为 AI 编制
  ---
  duration_ms: 2.6183
  type: 'test'
  ...
# Subtest: 目录生成不得改写招标文件规定的一级目录
ok 190 - 目录生成不得改写招标文件规定的一级目录
  ---
  duration_ms: 0.4009
  type: 'test'
  ...
# Subtest: 只读语义审查收到来源和要求，warning 不回写目录
ok 191 - 只读语义审查收到来源和要求，warning 不回写目录
  ---
  duration_ms: 2.6714
  type: 'test'
  ...
# Subtest: 三级叶子可省略或提供空 children，但非法 children 类型仍拒绝
ok 192 - 三级叶子可省略或提供空 children，但非法 children 类型仍拒绝
  ---
  duration_ms: 0.8375
  type: 'test'
  ...
# Subtest: 目录生成实际流程会清除模型返回的人工和旧责任字段
ok 193 - 目录生成实际流程会清除模型返回的人工和旧责任字段
  ---
  duration_ms: 11.0635
  type: 'test'
  ...
# Subtest: 目录生成接受同一二级目录下六个独立三级叶子
ok 194 - 目录生成接受同一二级目录下六个独立三级叶子
  ---
  duration_ms: 4.7907
  type: 'test'
  ...
# Subtest: 重点章节允许以三级主题、四级分支和五级叶子补充目录
ok 195 - 重点章节允许以三级主题、四级分支和五级叶子补充目录
  ---
  duration_ms: 0.8941
  type: 'test'
  ...
# Subtest: 自然混合目录保留三级、四级、五级叶子及 AI 单分支
ok 196 - 自然混合目录保留三级、四级、五级叶子及 AI 单分支
  ---
  duration_ms: 1.0379
  type: 'test'
  ...
# Subtest: 取消数量门禁不放过重复节点身份和非法 children
ok 197 - 取消数量门禁不放过重复节点身份和非法 children
  ---
  duration_ms: 1.0225
  type: 'test'
  ...
# Subtest: 知识库补目录保留人工和已有正文节点，并接受六个独立三级叶子
ok 198 - 知识库补目录保留人工和已有正文节点，并接受六个独立三级叶子
  ---
  duration_ms: 3.9356
  type: 'test'
  ...
# Subtest: 知识库补丁不得修改人工祖先的未逐级标记后代
ok 199 - 知识库补丁不得修改人工祖先的未逐级标记后代
  ---
  duration_ms: 0.723
  type: 'test'
  ...
# Subtest: 知识库增补和修复的最终请求沿用自然拆分且只返回 patch
ok 200 - 知识库增补和修复的最终请求沿用自然拆分且只返回 patch
  ---
  duration_ms: 1.698
  type: 'test'
  ...
# Subtest: 非重点章节拒绝模型新增五级目录
ok 201 - 非重点章节拒绝模型新增五级目录
  ---
  duration_ms: 0.7062
  type: 'test'
  ...
# Subtest: 目录不再受五级深化门槛限制
ok 202 - 目录不再受五级深化门槛限制
  ---
  duration_ms: 1.9176
  type: 'test'
  ...
# Subtest: 评分矩阵不再绑定目录主承载或人工责任
ok 203 - 评分矩阵不再绑定目录主承载或人工责任
  ---
  duration_ms: 10.1364
  type: 'test'
  ...
# Subtest: focus labels use service plan, highest score ties, then next distinct score
ok 204 - focus labels use service plan, highest score ties, then next distinct score
  ---
  duration_ms: 8.0086
  type: 'test'
  ...
# Subtest: does not invent score focus when scores are unavailable
ok 205 - does not invent score focus when scores are unavailable
  ---
  duration_ms: 0.8242
  type: 'test'
  ...
# Subtest: json-validation 只允许当前工作区内的相对文件
ok 206 - json-validation 只允许当前工作区内的相对文件
  ---
  duration_ms: 6.7007
  type: 'test'
  ...
# Subtest: json-validation 使用预置 Schema 校验工作区输出
ok 207 - json-validation 使用预置 Schema 校验工作区输出
  ---
  duration_ms: 111.9713
  type: 'test'
  ...
# Subtest: Pi 重试错误标准化仅处理已知瞬时上游错误
ok 208 - Pi 重试错误标准化仅处理已知瞬时上游错误
  ---
  duration_ms: 2.4389
  type: 'test'
  ...
# Subtest: conversation read-only tools reject absolute and parent paths outside the workspace
ok 209 - conversation read-only tools reject absolute and parent paths outside the workspace
  ---
  duration_ms: 2.5868
  type: 'test'
  ...
# Subtest: conversation Pi tool definitions enforce the same root at execution time
ok 210 - conversation Pi tool definitions enforce the same root at execution time
  ---
  duration_ms: 6.4407
  type: 'test'
  ...
# Subtest: ask-user 将用户回答作为结构化工具结果返回
ok 211 - ask-user 将用户回答作为结构化工具结果返回
  ---
  duration_ms: 2.4844
  type: 'test'
  ...
# Subtest: ask-user 拒绝多个自定义输入选项
ok 212 - ask-user 拒绝多个自定义输入选项
  ---
  duration_ms: 1.1654
  type: 'test'
  ...
# (node:3196) ExperimentalWarning: localStorage is not available because --localstorage-file was not provided.
# (Use `node --trace-warnings ...` to show where the warning was created)
# Subtest: 项目理解位置计划器在合法父节点内幂等补全
ok 213 - 项目理解位置计划器在合法父节点内幂等补全
  ---
  duration_ms: 4.2959
  type: 'test'
  ...
# Subtest: 项目概况不误判为项目理解，但真实分析章节可复用
ok 214 - 项目概况不误判为项目理解，但真实分析章节可复用
  ---
  duration_ms: 0.5569
  type: 'test'
  ...
# Subtest: 无安全位置和用户排除时不擅自新增一级章
ok 215 - 无安全位置和用户排除时不擅自新增一级章
  ---
  duration_ms: 0.4984
  type: 'test'
  ...
# Subtest: 正文引用校验拒绝孤儿标记和无标记事实
ok 216 - 正文引用校验拒绝孤儿标记和无标记事实
  ---
  duration_ms: 1.5236
  type: 'test'
  ...
# Subtest: 项目理解子树只按归并后的独立 theme 自然拆分并聚合审核
ok 217 - 项目理解子树只按归并后的独立 theme 自然拆分并聚合审核
  ---
  duration_ms: 4.3779
  type: 'test'
  ...
# Subtest: 刷新产生 pending 版本时不使当前正文审核失效
ok 218 - 刷新产生 pending 版本时不使当前正文审核失效
  ---
  duration_ms: 2.2086
  type: 'test'
  ...
# Subtest: 相同输入缓存命中会落盘成功任务，强制刷新会绕过缓存
ok 219 - 相同输入缓存命中会落盘成功任务，强制刷新会绕过缓存
  ---
  duration_ms: 5.8167
  type: 'test'
  ...
# Subtest: 授权知识库条目转为内部来源时不泄漏本地路径
ok 220 - 授权知识库条目转为内部来源时不泄漏本地路径
  ---
  duration_ms: 0.939
  type: 'test'
  ...
# Subtest: 配置公开检索时为公开来源保留至少一个预算槽位
ok 221 - 配置公开检索时为公开来源保留至少一个预算槽位
  ---
  duration_ms: 7.1453
  type: 'test'
  ...
# Subtest: 讲话与适用性属性只有逐字存在于来源时才保留
ok 222 - 讲话与适用性属性只有逐字存在于来源时才保留
  ---
  duration_ms: 2.5175
  type: 'test'
  ...
# Subtest: 层层关联只接受模型明确返回且端点与支撑证据均存在的关系
ok 223 - 层层关联只接受模型明确返回且端点与支撑证据均存在的关系
  ---
  duration_ms: 8.8781
  type: 'test'
  ...
# Subtest: Word 导出按首次出现编号并只追加已使用的参考依据
ok 224 - Word 导出按首次出现编号并只追加已使用的参考依据
  ---
  duration_ms: 3.807
  type: 'test'
  ...
# Subtest: 人工复核只能接受显式可确认缺口，阻断缺口仍输出待复核稿
ok 225 - 人工复核只能接受显式可确认缺口，阻断缺口仍输出待复核稿
  ---
  duration_ms: 0.7122
  type: 'test'
  ...
# Subtest: 已安排项目理解但尚无研究版本时 Word 仍标记待复核
ok 226 - 已安排项目理解但尚无研究版本时 Word 仍标记待复核
  ---
  duration_ms: 0.4504
  type: 'test'
  ...
# Subtest: 项目理解出处进入真实 DOCX 文本与超链接关系
ok 227 - 项目理解出处进入真实 DOCX 文本与超链接关系
  ---
  duration_ms: 263.8693
  type: 'test'
  ...
# Subtest: 局部 Word 导出只装配所选项目理解小节的引用
ok 228 - 局部 Word 导出只装配所选项目理解小节的引用
  ---
  duration_ms: 1.7913
  type: 'test'
  ...
# Subtest: 研究入口拒绝密钥、本地路径和过长查询
ok 229 - 研究入口拒绝密钥、本地路径和过长查询
  ---
  duration_ms: 1.5784
  type: 'test'
  ...
# Subtest: SSRF 地址检查覆盖 IPv4 映射 IPv6 与本地网段
ok 230 - SSRF 地址检查覆盖 IPv4 映射 IPv6 与本地网段
  ---
  duration_ms: 9.7656
  type: 'test'
  ...
# Subtest: 无 Content-Length 的响应流在超过 2MB 时立即拒绝
ok 231 - 无 Content-Length 的响应流在超过 2MB 时立即拒绝
  ---
  duration_ms: 1.6926
  type: 'test'
  ...
# Subtest: 整体研究预算和取消能结束业务等待并暂停当前 AI 队列 scope
ok 232 - 整体研究预算和取消能结束业务等待并暂停当前 AI 队列 scope
  ---
  duration_ms: 13.8194
  type: 'test'
  ...
# Subtest: 项目理解取消信号会中止模型传输且不触发重试
ok 233 - 项目理解取消信号会中止模型传输且不触发重试
  ---
  duration_ms: 63.3298
  type: 'test'
  ...
# Subtest: HTML 正文提取忽略脚本并保留发布元数据
ok 234 - HTML 正文提取忽略脚本并保留发布元数据
  ---
  duration_ms: 21.4374
  type: 'test'
  ...
# Subtest: HTML 正文提取支持政府站常见 GBK 编码
ok 235 - HTML 正文提取支持政府站常见 GBK 编码
  ---
  duration_ms: 31.2673
  type: 'test'
  ...
# Subtest: Brave 检索配置保存在本地配置并限制预算范围
ok 236 - Brave 检索配置保存在本地配置并限制预算范围
  ---
  duration_ms: 47.8749
  type: 'test'
  ...
# Subtest: SQLite v25 持久化项目理解状态，用户删除节点后记录排除
ok 237 - SQLite v25 持久化项目理解状态，用户删除节点后记录排除 # SKIP better-sqlite3 当前与 Node ABI 不匹配：The module '\\\\?\\D:\\Documents\\OpenJatobid\\client\\node_modules\\better-sqlite3\\build\\Release\\better_sqlite3.node'\\nwas compiled against a different Node.js version using\\nNODE_MODULE_VERSION 145. This version of Node.js requires\\nNODE_MODULE_VERSION 147. Please try re-compiling or re-installing\\nthe module (for instance, using `npm rebuild` or `npm install`).
  ---
  duration_ms: 10.8141
  type: 'test'
  ...
# Subtest: 安装包固有提示词按稳定 ID 初始化且不污染同名用户分组
ok 238 - 安装包固有提示词按稳定 ID 初始化且不污染同名用户分组
  ---
  duration_ms: 6.4915
  type: 'test'
  ...
# Subtest: 真实安装包资源可完整初始化 6 个分组和 31 条提示词
ok 239 - 真实安装包资源可完整初始化 6 个分组和 31 条提示词
  ---
  duration_ms: 20.4092
  type: 'test'
  ...
# Subtest: 提示词分组和提示词 CRUD 持久化并执行软删除约束
ok 240 - 提示词分组和提示词 CRUD 持久化并执行软删除约束
  ---
  duration_ms: 39.7856
  type: 'test'
  ...
# Subtest: 默认通用分组可连同组内提示词删除
ok 241 - 默认通用分组可连同组内提示词删除
  ---
  duration_ms: 3.871
  type: 'test'
  ...
# Subtest: 批量导入复用文档解析并保持一个文档对应一条提示词
ok 242 - 批量导入复用文档解析并保持一个文档对应一条提示词
  ---
  duration_ms: 31.7343
  type: 'test'
  ...
# Subtest: 章节写作合同指纹会覆盖目录、矩阵、事实和知识库版本
not ok 243 - 章节写作合同指纹会覆盖目录、矩阵、事实和知识库版本
  ---
  duration_ms: 5.8085
  type: 'test'
  location: 'D:\\Documents\\OpenJatobid\\client\\electron\\services\\sectionWritingContract.test.cjs:13:1'
  failureType: 'testCodeFailure'
  error: |-
    Expected values to be strictly equal:
    
    'standard' !== 'deep'
    
  code: 'ERR_ASSERTION'
  name: 'AssertionError'
  expected: 'deep'
  actual: 'standard'
  operator: 'strictEqual'
  stack: |-
    TestContext.<anonymous> (D:\Documents\OpenJatobid\client\electron\services\sectionWritingContract.test.cjs:25:10)
    Test.runInAsyncScope (node:async_hooks:226:14)
    Test.run (node:internal/test_runner/test:1306:25)
    Test.start (node:internal/test_runner/test:1177:17)
    startSubtestAfterBootstrap (node:internal/test_runner/harness:385:17)
  ...
# Subtest: 章节任务书按二级目录共享评分职责且合同校验完整字段
not ok 244 - 章节任务书按二级目录共享评分职责且合同校验完整字段
  ---
  duration_ms: 3.7501
  type: 'test'
  location: 'D:\\Documents\\OpenJatobid\\client\\electron\\services\\sectionWritingContract.test.cjs:30:1'
  failureType: 'testCodeFailure'
  error: |-
    Expected values to be strictly deep-equal:
    + actual - expected
    
    + []
    - [
    -   'R1.P1'
    - ]
    
  code: 'ERR_ASSERTION'
  name: 'AssertionError'
  expected:
    0: 'R1.P1'
  actual:
  operator: 'deepStrictEqual'
  stack: |-
    TestContext.<anonymous> (D:\Documents\OpenJatobid\client\electron\services\sectionWritingContract.test.cjs:36:10)
    Test.runInAsyncScope (node:async_hooks:226:14)
    Test.run (node:internal/test_runner/test:1306:25)
    Test.processPendingSubtests (node:internal/test_runner/test:897:18)
    Test.postRun (node:internal/test_runner/test:1447:19)
    Test.run (node:internal/test_runner/test:1372:12)
    async startSubtestAfterBootstrap (node:internal/test_runner/harness:385:3)
  ...
# Subtest: 快速诊断不调用外部模型并返回安全状态
ok 245 - 快速诊断不调用外部模型并返回安全状态
  ---
  duration_ms: 7.4936
  type: 'test'
  ...
# Subtest: current procurement pricing and legacy quotation rows are excluded from technical prompt contexts
ok 246 - current procurement pricing and legacy quotation rows are excluded from technical prompt contexts
  ---
  duration_ms: 2.3863
  type: 'test'
  ...
# (node:32340) ExperimentalWarning: localStorage is not available because --localstorage-file was not provided.
# (Use `node --trace-warnings ...` to show where the warning was created)
# Subtest: technical-plan export ignores renderer outline and uses the authoritative store
ok 247 - technical-plan export ignores renderer outline and uses the authoritative store
  ---
  duration_ms: 3.5406
  type: 'test'
  ...
# Subtest: pending and manual responses hard-block technical-plan export
not ok 248 - pending and manual responses hard-block technical-plan export
  ---
  duration_ms: 2.2455
  type: 'test'
  location: 'D:\\Documents\\OpenJatobid\\client\\electron\\services\\technicalPlanExport.test.cjs:48:1'
  failureType: 'testCodeFailure'
  error: 'Missing expected exception.'
  code: 'ERR_ASSERTION'
  name: 'AssertionError'
  expected:
  operator: 'throws'
  stack: |-
    TestContext.<anonymous> (D:\Documents\OpenJatobid\client\electron\services\technicalPlanExport.test.cjs:54:12)
    Test.runInAsyncScope (node:async_hooks:226:14)
    Test.run (node:internal/test_runner/test:1306:25)
    Test.processPendingSubtests (node:internal/test_runner/test:897:18)
    Test.postRun (node:internal/test_runner/test:1447:19)
    Test.run (node:internal/test_runner/test:1372:12)
    process.processTicksAndRejections (node:internal/process/task_queues:104:5)
    async startSubtestAfterBootstrap (node:internal/test_runner/harness:385:3)
  ...
# Subtest: only missing required evidence can pass after explicit risk acknowledgement
not ok 249 - only missing required evidence can pass after explicit risk acknowledgement
  ---
  duration_ms: 0.5486
  type: 'test'
  location: 'D:\\Documents\\OpenJatobid\\client\\electron\\services\\technicalPlanExport.test.cjs:61:1'
  failureType: 'testCodeFailure'
  error: 'Missing expected exception.'
  code: 'ERR_ASSERTION'
  name: 'AssertionError'
  expected:
  operator: 'throws'
  stack: |-
    TestContext.<anonymous> (D:\Documents\OpenJatobid\client\electron\services\technicalPlanExport.test.cjs:70:10)
    Test.runInAsyncScope (node:async_hooks:226:14)
    Test.run (node:internal/test_runner/test:1306:25)
    Test.processPendingSubtests (node:internal/test_runner/test:897:18)
    Test.postRun (node:internal/test_runner/test:1447:19)
    Test.run (node:internal/test_runner/test:1372:12)
    process.processTicksAndRejections (node:internal/process/task_queues:104:5)
    async Test.processPendingSubtests (node:internal/test_runner/test:897:7)
  ...
# Subtest: heading numbering uses auto, source, and none policies without duplicates
ok 250 - heading numbering uses auto, source, and none policies without duplicates
  ---
  duration_ms: 1.5527
  type: 'test'
  ...
# Subtest: generic DOCX export keeps renderer outline and applies policy-aware headings
ok 251 - generic DOCX export keeps renderer outline and applies policy-aware headings
  ---
  duration_ms: 214.2455
  type: 'test'
  ...
# Subtest: authoritative manually filled Markdown reaches DOCX without rewriting content
ok 252 - authoritative manually filled Markdown reaches DOCX without rewriting content
  ---
  duration_ms: 30.7602
  type: 'test'
  ...
# Subtest: Word 同时保留三级、四级、五级正文标题及内容且不输出节点说明
ok 253 - Word 同时保留三级、四级、五级正文标题及内容且不输出节点说明
  ---
  duration_ms: 33.1333
  type: 'test'
  ...
# Subtest: 普通与章框 Word 均保留历史父节点正文且不导出内部说明
ok 254 - 普通与章框 Word 均保留历史父节点正文且不导出内部说明
  ---
  duration_ms: 57.6054
  type: 'test'
  ...
# Subtest: a generated PNG referenced by authoritative Markdown is embedded into DOCX media
ok 255 - a generated PNG referenced by authoritative Markdown is embedded into DOCX media
  ---
  duration_ms: 43.6078
  type: 'test'
  ...
# Subtest: 合成项目A/B独立持久化，打开项目不运行任务
not ok 256 - 合成项目A/B独立持久化，打开项目不运行任务
  ---
  duration_ms: 11.9837
  type: 'test'
  location: 'D:\\Documents\\OpenJatobid\\client\\electron\\services\\technicalPlanProjects.test.cjs:20:1'
  failureType: 'testCodeFailure'
  error: |-
    The module '\\?\D:\Documents\OpenJatobid\client\node_modules\better-sqlite3\build\Release\better_sqlite3.node'
    was compiled against a different Node.js version using
    NODE_MODULE_VERSION 145. This version of Node.js requires
    NODE_MODULE_VERSION 147. Please try re-compiling or re-installing
    the module (for instance, using `npm rebuild` or `npm install`).
  code: 'ERR_DLOPEN_FAILED'
  stack: |-
    Object..node (node:internal/modules/cjs/loader:2023:18)
    Module.load (node:internal/modules/cjs/loader:1579:32)
    Module._load (node:internal/modules/cjs/loader:1381:12)
    wrapModuleLoad (node:internal/modules/cjs/loader:255:19)
    Module.require (node:internal/modules/cjs/loader:1602:12)
    require (node:internal/modules/helpers:191:16)
    bindings (D:\Documents\OpenJatobid\client\node_modules\bindings\bindings.js:112:48)
    new Database (D:\Documents\OpenJatobid\client\node_modules\better-sqlite3\lib\database.js:48:64)
    createSqliteDatabase (D:\Documents\OpenJatobid\client\electron\services\sqliteDatabase.cjs:2000:14)
    fixture (D:\Documents\OpenJatobid\client\electron\services\technicalPlanProjects.test.cjs:13:18)
  ...
# Subtest: 运行中拒绝切换和删除；取消删除不调用服务
not ok 257 - 运行中拒绝切换和删除；取消删除不调用服务
  ---
  duration_ms: 12.8243
  type: 'test'
  location: 'D:\\Documents\\OpenJatobid\\client\\electron\\services\\technicalPlanProjects.test.cjs:33:1'
  failureType: 'testCodeFailure'
  error: |-
    The module '\\?\D:\Documents\OpenJatobid\client\node_modules\better-sqlite3\build\Release\better_sqlite3.node'
    was compiled against a different Node.js version using
    NODE_MODULE_VERSION 145. This version of Node.js requires
    NODE_MODULE_VERSION 147. Please try re-compiling or re-installing
    the module (for instance, using `npm rebuild` or `npm install`).
  code: 'ERR_DLOPEN_FAILED'
  stack: |-
    Object..node (node:internal/modules/cjs/loader:2023:18)
    Module.load (node:internal/modules/cjs/loader:1579:32)
    Module._load (node:internal/modules/cjs/loader:1381:12)
    wrapModuleLoad (node:internal/modules/cjs/loader:255:19)
    Module.require (node:internal/modules/cjs/loader:1602:12)
    require (node:internal/modules/helpers:191:16)
    bindings (D:\Documents\OpenJatobid\client\node_modules\bindings\bindings.js:112:48)
    new Database (D:\Documents\OpenJatobid\client\node_modules\better-sqlite3\lib\database.js:48:64)
    createSqliteDatabase (D:\Documents\OpenJatobid\client\electron\services\sqliteDatabase.cjs:2000:14)
    fixture (D:\Documents\OpenJatobid\client\electron\services\technicalPlanProjects.test.cjs:13:18)
  ...
# Subtest: 删除受管图片失败时保留项目和数据，解除文件锁后可重试
not ok 258 - 删除受管图片失败时保留项目和数据，解除文件锁后可重试
  ---
  duration_ms: 4.3077
  type: 'test'
  location: 'D:\\Documents\\OpenJatobid\\client\\electron\\services\\technicalPlanProjects.test.cjs:42:1'
  failureType: 'testCodeFailure'
  error: |-
    The module '\\?\D:\Documents\OpenJatobid\client\node_modules\better-sqlite3\build\Release\better_sqlite3.node'
    was compiled against a different Node.js version using
    NODE_MODULE_VERSION 145. This version of Node.js requires
    NODE_MODULE_VERSION 147. Please try re-compiling or re-installing
    the module (for instance, using `npm rebuild` or `npm install`).
  code: 'ERR_DLOPEN_FAILED'
  stack: |-
    Object..node (node:internal/modules/cjs/loader:2023:18)
    Module.load (node:internal/modules/cjs/loader:1579:32)
    Module._load (node:internal/modules/cjs/loader:1381:12)
    wrapModuleLoad (node:internal/modules/cjs/loader:255:19)
    Module.require (node:internal/modules/cjs/loader:1602:12)
    require (node:internal/modules/helpers:191:16)
    bindings (D:\Documents\OpenJatobid\client\node_modules\bindings\bindings.js:112:48)
    new Database (D:\Documents\OpenJatobid\client\node_modules\better-sqlite3\lib\database.js:48:64)
    createSqliteDatabase (D:\Documents\OpenJatobid\client\electron\services\sqliteDatabase.cjs:2000:14)
    fixture (D:\Documents\OpenJatobid\client\electron\services\technicalPlanProjects.test.cjs:13:18)
  ...
# Subtest: 项目目录部分删除失败后从备份恢复并允许重试
not ok 259 - 项目目录部分删除失败后从备份恢复并允许重试
  ---
  duration_ms: 4.3172
  type: 'test'
  location: 'D:\\Documents\\OpenJatobid\\client\\electron\\services\\technicalPlanProjects.test.cjs:65:1'
  failureType: 'testCodeFailure'
  error: |-
    The module '\\?\D:\Documents\OpenJatobid\client\node_modules\better-sqlite3\build\Release\better_sqlite3.node'
    was compiled against a different Node.js version using
    NODE_MODULE_VERSION 145. This version of Node.js requires
    NODE_MODULE_VERSION 147. Please try re-compiling or re-installing
    the module (for instance, using `npm rebuild` or `npm install`).
  code: 'ERR_DLOPEN_FAILED'
  stack: |-
    Object..node (node:internal/modules/cjs/loader:2023:18)
    Module.load (node:internal/modules/cjs/loader:1579:32)
    Module._load (node:internal/modules/cjs/loader:1381:12)
    wrapModuleLoad (node:internal/modules/cjs/loader:255:19)
    Module.require (node:internal/modules/cjs/loader:1602:12)
    require (node:internal/modules/helpers:191:16)
    bindings (D:\Documents\OpenJatobid\client\node_modules\bindings\bindings.js:112:48)
    new Database (D:\Documents\OpenJatobid\client\node_modules\better-sqlite3\lib\database.js:48:64)
    createSqliteDatabase (D:\Documents\OpenJatobid\client\electron\services\sqliteDatabase.cjs:2000:14)
    fixture (D:\Documents\OpenJatobid\client\electron\services\technicalPlanProjects.test.cjs:13:18)
  ...
# Subtest: 项目受管父目录为链接时拒绝越界删除
not ok 260 - 项目受管父目录为链接时拒绝越界删除
  ---
  duration_ms: 6.2543
  type: 'test'
  location: 'D:\\Documents\\OpenJatobid\\client\\electron\\services\\technicalPlanProjects.test.cjs:83:1'
  failureType: 'testCodeFailure'
  error: |-
    The module '\\?\D:\Documents\OpenJatobid\client\node_modules\better-sqlite3\build\Release\better_sqlite3.node'
    was compiled against a different Node.js version using
    NODE_MODULE_VERSION 145. This version of Node.js requires
    NODE_MODULE_VERSION 147. Please try re-compiling or re-installing
    the module (for instance, using `npm rebuild` or `npm install`).
  code: 'ERR_DLOPEN_FAILED'
  stack: |-
    Object..node (node:internal/modules/cjs/loader:2023:18)
    Module.load (node:internal/modules/cjs/loader:1579:32)
    Module._load (node:internal/modules/cjs/loader:1381:12)
    wrapModuleLoad (node:internal/modules/cjs/loader:255:19)
    Module.require (node:internal/modules/cjs/loader:1602:12)
    require (node:internal/modules/helpers:191:16)
    bindings (D:\Documents\OpenJatobid\client\node_modules\bindings\bindings.js:112:48)
    new Database (D:\Documents\OpenJatobid\client\node_modules\better-sqlite3\lib\database.js:48:64)
    createSqliteDatabase (D:\Documents\OpenJatobid\client\electron\services\sqliteDatabase.cjs:2000:14)
    fixture (D:\Documents\OpenJatobid\client\electron\services\technicalPlanProjects.test.cjs:13:18)
  ...
# Subtest: 目标数据库缺失时打开失败且 Main 仍绑定原项目
not ok 261 - 目标数据库缺失时打开失败且 Main 仍绑定原项目
  ---
  duration_ms: 13.1332
  type: 'test'
  location: 'D:\\Documents\\OpenJatobid\\client\\electron\\services\\technicalPlanProjects.test.cjs:97:1'
  failureType: 'testCodeFailure'
  error: |-
    The module '\\?\D:\Documents\OpenJatobid\client\node_modules\better-sqlite3\build\Release\better_sqlite3.node'
    was compiled against a different Node.js version using
    NODE_MODULE_VERSION 145. This version of Node.js requires
    NODE_MODULE_VERSION 147. Please try re-compiling or re-installing
    the module (for instance, using `npm rebuild` or `npm install`).
  code: 'ERR_DLOPEN_FAILED'
  stack: |-
    Object..node (node:internal/modules/cjs/loader:2023:18)
    Module.load (node:internal/modules/cjs/loader:1579:32)
    Module._load (node:internal/modules/cjs/loader:1381:12)
    wrapModuleLoad (node:internal/modules/cjs/loader:255:19)
    Module.require (node:internal/modules/cjs/loader:1602:12)
    require (node:internal/modules/helpers:191:16)
    bindings (D:\Documents\OpenJatobid\client\node_modules\bindings\bindings.js:112:48)
    new Database (D:\Documents\OpenJatobid\client\node_modules\better-sqlite3\lib\database.js:48:64)
    createSqliteDatabase (D:\Documents\OpenJatobid\client\electron\services\sqliteDatabase.cjs:2000:14)
    fixture (D:\Documents\OpenJatobid\client\electron\services\technicalPlanProjects.test.cjs:13:18)
  ...
# Subtest: 旧单项目只登记一次，且新项目删除不影响旧项目
not ok 262 - 旧单项目只登记一次，且新项目删除不影响旧项目
  ---
  duration_ms: 15.4775
  type: 'test'
  location: 'D:\\Documents\\OpenJatobid\\client\\electron\\services\\technicalPlanProjects.test.cjs:112:1'
  failureType: 'testCodeFailure'
  error: |-
    The module '\\?\D:\Documents\OpenJatobid\client\node_modules\better-sqlite3\build\Release\better_sqlite3.node'
    was compiled against a different Node.js version using
    NODE_MODULE_VERSION 145. This version of Node.js requires
    NODE_MODULE_VERSION 147. Please try re-compiling or re-installing
    the module (for instance, using `npm rebuild` or `npm install`).
  code: 'ERR_DLOPEN_FAILED'
  stack: |-
    Object..node (node:internal/modules/cjs/loader:2023:18)
    Module.load (node:internal/modules/cjs/loader:1579:32)
    Module._load (node:internal/modules/cjs/loader:1381:12)
    wrapModuleLoad (node:internal/modules/cjs/loader:255:19)
    Module.require (node:internal/modules/cjs/loader:1602:12)
    require (node:internal/modules/helpers:191:16)
    bindings (D:\Documents\OpenJatobid\client\node_modules\bindings\bindings.js:112:48)
    new Database (D:\Documents\OpenJatobid\client\node_modules\better-sqlite3\lib\database.js:48:64)
    createSqliteDatabase (D:\Documents\OpenJatobid\client\electron\services\sqliteDatabase.cjs:2000:14)
    fixture (D:\Documents\OpenJatobid\client\electron\services\technicalPlanProjects.test.cjs:13:18)
  ...
# Subtest: 旧项目删除失败回滚数据库与修订文件，重试只清旧项目
not ok 263 - 旧项目删除失败回滚数据库与修订文件，重试只清旧项目
  ---
  duration_ms: 4.4467
  type: 'test'
  location: 'D:\\Documents\\OpenJatobid\\client\\electron\\services\\technicalPlanProjects.test.cjs:124:1'
  failureType: 'testCodeFailure'
  error: |-
    The module '\\?\D:\Documents\OpenJatobid\client\node_modules\better-sqlite3\build\Release\better_sqlite3.node'
    was compiled against a different Node.js version using
    NODE_MODULE_VERSION 145. This version of Node.js requires
    NODE_MODULE_VERSION 147. Please try re-compiling or re-installing
    the module (for instance, using `npm rebuild` or `npm install`).
  code: 'ERR_DLOPEN_FAILED'
  stack: |-
    Object..node (node:internal/modules/cjs/loader:2023:18)
    Module.load (node:internal/modules/cjs/loader:1579:32)
    Module._load (node:internal/modules/cjs/loader:1381:12)
    wrapModuleLoad (node:internal/modules/cjs/loader:255:19)
    Module.require (node:internal/modules/cjs/loader:1602:12)
    require (node:internal/modules/helpers:191:16)
    bindings (D:\Documents\OpenJatobid\client\node_modules\bindings\bindings.js:112:48)
    new Database (D:\Documents\OpenJatobid\client\node_modules\better-sqlite3\lib\database.js:48:64)
    createSqliteDatabase (D:\Documents\OpenJatobid\client\electron\services\sqliteDatabase.cjs:2000:14)
    fixture (D:\Documents\OpenJatobid\client\electron\services\technicalPlanProjects.test.cjs:13:18)
  ...
# Subtest: 同一项目分批追加不清旧解析；重复字节跳过，同名异内容待选择
not ok 264 - 同一项目分批追加不清旧解析；重复字节跳过，同名异内容待选择
  ---
  duration_ms: 4.7508
  type: 'test'
  location: 'D:\\Documents\\OpenJatobid\\client\\electron\\services\\technicalPlanProjects.test.cjs:148:1'
  failureType: 'testCodeFailure'
  error: |-
    The module '\\?\D:\Documents\OpenJatobid\client\node_modules\better-sqlite3\build\Release\better_sqlite3.node'
    was compiled against a different Node.js version using
    NODE_MODULE_VERSION 145. This version of Node.js requires
    NODE_MODULE_VERSION 147. Please try re-compiling or re-installing
    the module (for instance, using `npm rebuild` or `npm install`).
  code: 'ERR_DLOPEN_FAILED'
  stack: |-
    Object..node (node:internal/modules/cjs/loader:2023:18)
    Module.load (node:internal/modules/cjs/loader:1579:32)
    Module._load (node:internal/modules/cjs/loader:1381:12)
    wrapModuleLoad (node:internal/modules/cjs/loader:255:19)
    Module.require (node:internal/modules/cjs/loader:1602:12)
    require (node:internal/modules/helpers:191:16)
    bindings (D:\Documents\OpenJatobid\client\node_modules\bindings\bindings.js:112:48)
    new Database (D:\Documents\OpenJatobid\client\node_modules\better-sqlite3\lib\database.js:48:64)
    createSqliteDatabase (D:\Documents\OpenJatobid\client\electron\services\sqliteDatabase.cjs:2000:14)
    fixture (D:\Documents\OpenJatobid\client\electron\services\technicalPlanProjects.test.cjs:13:18)
  ...
# Subtest: 投标范围配置变更不清空旧解析和目录
not ok 265 - 投标范围配置变更不清空旧解析和目录
  ---
  duration_ms: 5.7076
  type: 'test'
  location: 'D:\\Documents\\OpenJatobid\\client\\electron\\services\\technicalPlanProjects.test.cjs:183:1'
  failureType: 'testCodeFailure'
  error: |-
    The module '\\?\D:\Documents\OpenJatobid\client\node_modules\better-sqlite3\build\Release\better_sqlite3.node'
    was compiled against a different Node.js version using
    NODE_MODULE_VERSION 145. This version of Node.js requires
    NODE_MODULE_VERSION 147. Please try re-compiling or re-installing
    the module (for instance, using `npm rebuild` or `npm install`).
  code: 'ERR_DLOPEN_FAILED'
  stack: |-
    Object..node (node:internal/modules/cjs/loader:2023:18)
    Module.load (node:internal/modules/cjs/loader:1579:32)
    Module._load (node:internal/modules/cjs/loader:1381:12)
    wrapModuleLoad (node:internal/modules/cjs/loader:255:19)
    Module.require (node:internal/modules/cjs/loader:1602:12)
    require (node:internal/modules/helpers:191:16)
    bindings (D:\Documents\OpenJatobid\client\node_modules\bindings\bindings.js:112:48)
    new Database (D:\Documents\OpenJatobid\client\node_modules\better-sqlite3\lib\database.js:48:64)
    createSqliteDatabase (D:\Documents\OpenJatobid\client\electron\services\sqliteDatabase.cjs:2000:14)
    fixture (D:\Documents\OpenJatobid\client\electron\services\technicalPlanProjects.test.cjs:13:18)
  ...
# Subtest: 重选标段保留旧成果并使分析来源与旧标段快照过期
not ok 266 - 重选标段保留旧成果并使分析来源与旧标段快照过期
  ---
  duration_ms: 4.4602
  type: 'test'
  location: 'D:\\Documents\\OpenJatobid\\client\\electron\\services\\technicalPlanProjects.test.cjs:195:1'
  failureType: 'testCodeFailure'
  error: |-
    The module '\\?\D:\Documents\OpenJatobid\client\node_modules\better-sqlite3\build\Release\better_sqlite3.node'
    was compiled against a different Node.js version using
    NODE_MODULE_VERSION 145. This version of Node.js requires
    NODE_MODULE_VERSION 147. Please try re-compiling or re-installing
    the module (for instance, using `npm rebuild` or `npm install`).
  code: 'ERR_DLOPEN_FAILED'
  stack: |-
    Object..node (node:internal/modules/cjs/loader:2023:18)
    Module.load (node:internal/modules/cjs/loader:1579:32)
    Module._load (node:internal/modules/cjs/loader:1381:12)
    wrapModuleLoad (node:internal/modules/cjs/loader:255:19)
    Module.require (node:internal/modules/cjs/loader:1602:12)
    require (node:internal/modules/helpers:191:16)
    bindings (D:\Documents\OpenJatobid\client\node_modules\bindings\bindings.js:112:48)
    new Database (D:\Documents\OpenJatobid\client\node_modules\better-sqlite3\lib\database.js:48:64)
    createSqliteDatabase (D:\Documents\OpenJatobid\client\electron\services\sqliteDatabase.cjs:2000:14)
    fixture (D:\Documents\OpenJatobid\client\electron\services\technicalPlanProjects.test.cjs:13:18)
  ...
# Subtest: 格式解析变化只标记旧下游待复核，不清目录和正文
not ok 267 - 格式解析变化只标记旧下游待复核，不清目录和正文
  ---
  duration_ms: 5.7297
  type: 'test'
  location: 'D:\\Documents\\OpenJatobid\\client\\electron\\services\\technicalPlanProjects.test.cjs:215:1'
  failureType: 'testCodeFailure'
  error: |-
    The module '\\?\D:\Documents\OpenJatobid\client\node_modules\better-sqlite3\build\Release\better_sqlite3.node'
    was compiled against a different Node.js version using
    NODE_MODULE_VERSION 145. This version of Node.js requires
    NODE_MODULE_VERSION 147. Please try re-compiling or re-installing
    the module (for instance, using `npm rebuild` or `npm install`).
  code: 'ERR_DLOPEN_FAILED'
  stack: |-
    Object..node (node:internal/modules/cjs/loader:2023:18)
    Module.load (node:internal/modules/cjs/loader:1579:32)
    Module._load (node:internal/modules/cjs/loader:1381:12)
    wrapModuleLoad (node:internal/modules/cjs/loader:255:19)
    Module.require (node:internal/modules/cjs/loader:1602:12)
    require (node:internal/modules/helpers:191:16)
    bindings (D:\Documents\OpenJatobid\client\node_modules\bindings\bindings.js:112:48)
    new Database (D:\Documents\OpenJatobid\client\node_modules\better-sqlite3\lib\database.js:48:64)
    createSqliteDatabase (D:\Documents\OpenJatobid\client\electron\services\sqliteDatabase.cjs:2000:14)
    fixture (D:\Documents\OpenJatobid\client\electron\services\technicalPlanProjects.test.cjs:13:18)
  ...
# Subtest: 外部原件在解析与复制之间变化时拒绝落库
not ok 268 - 外部原件在解析与复制之间变化时拒绝落库
  ---
  duration_ms: 8.1684
  type: 'test'
  location: 'D:\\Documents\\OpenJatobid\\client\\electron\\services\\technicalPlanProjects.test.cjs:226:1'
  failureType: 'testCodeFailure'
  error: |-
    The module '\\?\D:\Documents\OpenJatobid\client\node_modules\better-sqlite3\build\Release\better_sqlite3.node'
    was compiled against a different Node.js version using
    NODE_MODULE_VERSION 145. This version of Node.js requires
    NODE_MODULE_VERSION 147. Please try re-compiling or re-installing
    the module (for instance, using `npm rebuild` or `npm install`).
  code: 'ERR_DLOPEN_FAILED'
  stack: |-
    Object..node (node:internal/modules/cjs/loader:2023:18)
    Module.load (node:internal/modules/cjs/loader:1579:32)
    Module._load (node:internal/modules/cjs/loader:1381:12)
    wrapModuleLoad (node:internal/modules/cjs/loader:255:19)
    Module.require (node:internal/modules/cjs/loader:1602:12)
    require (node:internal/modules/helpers:191:16)
    bindings (D:\Documents\OpenJatobid\client\node_modules\bindings\bindings.js:112:48)
    new Database (D:\Documents\OpenJatobid\client\node_modules\better-sqlite3\lib\database.js:48:64)
    createSqliteDatabase (D:\Documents\OpenJatobid\client\electron\services\sqliteDatabase.cjs:2000:14)
    fixture (D:\Documents\OpenJatobid\client\electron\services\technicalPlanProjects.test.cjs:13:18)
  ...
# Subtest: 正文开始后 Main 拒绝层级调整且保留已存目录
not ok 269 - 正文开始后 Main 拒绝层级调整且保留已存目录
  ---
  duration_ms: 5.0115
  type: 'test'
  location: 'D:\\Documents\\OpenJatobid\\client\\electron\\services\\technicalPlanProjects.test.cjs:238:1'
  failureType: 'testCodeFailure'
  error: |-
    The module '\\?\D:\Documents\OpenJatobid\client\node_modules\better-sqlite3\build\Release\better_sqlite3.node'
    was compiled against a different Node.js version using
    NODE_MODULE_VERSION 145. This version of Node.js requires
    NODE_MODULE_VERSION 147. Please try re-compiling or re-installing
    the module (for instance, using `npm rebuild` or `npm install`).
  code: 'ERR_DLOPEN_FAILED'
  stack: |-
    Object..node (node:internal/modules/cjs/loader:2023:18)
    Module.load (node:internal/modules/cjs/loader:1579:32)
    Module._load (node:internal/modules/cjs/loader:1381:12)
    wrapModuleLoad (node:internal/modules/cjs/loader:255:19)
    Module.require (node:internal/modules/cjs/loader:1602:12)
    require (node:internal/modules/helpers:191:16)
    bindings (D:\Documents\OpenJatobid\client\node_modules\bindings\bindings.js:112:48)
    new Database (D:\Documents\OpenJatobid\client\node_modules\better-sqlite3\lib\database.js:48:64)
    createSqliteDatabase (D:\Documents\OpenJatobid\client\electron\services\sqliteDatabase.cjs:2000:14)
    fixture (D:\Documents\OpenJatobid\client\electron\services\technicalPlanProjects.test.cjs:13:18)
  ...
# Subtest: 旧目录节点补齐 v1.4.5 质量字段默认值
ok 270 - 旧目录节点补齐 v1.4.5 质量字段默认值
  ---
  duration_ms: 2.98
  type: 'test'
  ...
# Subtest: 要求响应矩阵拒绝未知评分点映射并规范化来源引用
ok 271 - 要求响应矩阵拒绝未知评分点映射并规范化来源引用
  ---
  duration_ms: 5.3368
  type: 'test'
  ...
# Subtest: 目录准入 Gate 阻止未满足条件的增值锚点进入目录
ok 272 - 目录准入 Gate 阻止未满足条件的增值锚点进入目录
  ---
  duration_ms: 4.2931
  type: 'test'
  ...
# Subtest: 三重反查会拒绝未映射评分点与未处理风险
ok 273 - 三重反查会拒绝未映射评分点与未处理风险
  ---
  duration_ms: 3.2665
  type: 'test'
  ...
# Subtest: 通过 Gate 的目录锚点可供目录生成使用
ok 274 - 通过 Gate 的目录锚点可供目录生成使用
  ---
  duration_ms: 1.8493
  type: 'test'
  ...
# (node:39996) ExperimentalWarning: localStorage is not available because --localstorage-file was not provided.
# (Use `node --trace-warnings ...` to show where the warning was created)
# Subtest: 解析报告按已选项目顺序保留结构化值、来源和过期状态
ok 275 - 解析报告按已选项目顺序保留结构化值、来源和过期状态
  ---
  duration_ms: 4.2572
  type: 'test'
  ...
# Subtest: 解析报告的 Markdown 表格在 DOCX 中保持可编辑单元格
ok 276 - 解析报告的 Markdown 表格在 DOCX 中保持可编辑单元格
  ---
  duration_ms: 237.5844
  type: 'test'
  ...
# Subtest: 纯大纲 DOCX 包含全部层级和可选说明，不含正文及假页码
ok 277 - 纯大纲 DOCX 包含全部层级和可选说明，不含正文及假页码
  ---
  duration_ms: 19.3211
  type: 'test'
  ...
# Subtest: normalizes sanitized bid analysis diagnostic contract for storage
ok 278 - normalizes sanitized bid analysis diagnostic contract for storage
  ---
  duration_ms: 4.3893
  type: 'test'
  ...
# Subtest: loads bid analysis diagnostic contract from stored row JSON
ok 279 - loads bid analysis diagnostic contract from stored row JSON
  ---
  duration_ms: 0.6881
  type: 'test'
  ...
# Subtest: success contract clears previous diagnostic while preserving analysis context
ok 280 - success contract clears previous diagnostic while preserving analysis context
  ---
  duration_ms: 0.3433
  type: 'test'
  ...
# Subtest: stale analysis result is not persisted as a manual-review diagnostic
ok 281 - stale analysis result is not persisted as a manual-review diagnostic
  ---
  duration_ms: 0.3507
  type: 'test'
  ...
# Subtest: 新技术方案默认使用多标段识别
not ok 282 - 新技术方案默认使用多标段识别
  ---
  duration_ms: 10.9403
  type: 'test'
  location: 'D:\\Documents\\OpenJatobid\\client\\electron\\services\\technicalPlanStore.qualityPersistence.test.cjs:20:1'
  failureType: 'testCodeFailure'
  error: |-
    The module '\\?\D:\Documents\OpenJatobid\client\node_modules\better-sqlite3\build\Release\better_sqlite3.node'
    was compiled against a different Node.js version using
    NODE_MODULE_VERSION 145. This version of Node.js requires
    NODE_MODULE_VERSION 147. Please try re-compiling or re-installing
    the module (for instance, using `npm rebuild` or `npm install`).
  code: 'ERR_DLOPEN_FAILED'
  stack: |-
    Object..node (node:internal/modules/cjs/loader:2023:18)
    Module.load (node:internal/modules/cjs/loader:1579:32)
    Module._load (node:internal/modules/cjs/loader:1381:12)
    wrapModuleLoad (node:internal/modules/cjs/loader:255:19)
    Module.require (node:internal/modules/cjs/loader:1602:12)
    require (node:internal/modules/helpers:191:16)
    bindings (D:\Documents\OpenJatobid\client\node_modules\bindings\bindings.js:112:48)
    new Database (D:\Documents\OpenJatobid\client\node_modules\better-sqlite3\lib\database.js:48:64)
    createSqliteDatabase (D:\Documents\OpenJatobid\client\electron\services\sqliteDatabase.cjs:2000:14)
    TestContext.<anonymous> (D:\Documents\OpenJatobid\client\electron\services\technicalPlanStore.qualityPersistence.test.cjs:23:18)
  ...
# Subtest: 字数规则固定启用，兼容旧的总开关状态
not ok 283 - 字数规则固定启用，兼容旧的总开关状态
  ---
  duration_ms: 4.9969
  type: 'test'
  location: 'D:\\Documents\\OpenJatobid\\client\\electron\\services\\technicalPlanStore.qualityPersistence.test.cjs:34:1'
  failureType: 'testCodeFailure'
  error: |-
    The module '\\?\D:\Documents\OpenJatobid\client\node_modules\better-sqlite3\build\Release\better_sqlite3.node'
    was compiled against a different Node.js version using
    NODE_MODULE_VERSION 145. This version of Node.js requires
    NODE_MODULE_VERSION 147. Please try re-compiling or re-installing
    the module (for instance, using `npm rebuild` or `npm install`).
  code: 'ERR_DLOPEN_FAILED'
  stack: |-
    Object..node (node:internal/modules/cjs/loader:2023:18)
    Module.load (node:internal/modules/cjs/loader:1579:32)
    Module._load (node:internal/modules/cjs/loader:1381:12)
    wrapModuleLoad (node:internal/modules/cjs/loader:255:19)
    Module.require (node:internal/modules/cjs/loader:1602:12)
    require (node:internal/modules/helpers:191:16)
    bindings (D:\Documents\OpenJatobid\client\node_modules\bindings\bindings.js:112:48)
    new Database (D:\Documents\OpenJatobid\client\node_modules\better-sqlite3\lib\database.js:48:64)
    createSqliteDatabase (D:\Documents\OpenJatobid\client\electron\services\sqliteDatabase.cjs:2000:14)
    TestContext.<anonymous> (D:\Documents\OpenJatobid\client\electron\services\technicalPlanStore.qualityPersistence.test.cjs:37:18)
  ...
# Subtest: v1.4.5 质量矩阵和目录质量字段可持久化且旧字段保持兼容
not ok 284 - v1.4.5 质量矩阵和目录质量字段可持久化且旧字段保持兼容
  ---
  duration_ms: 4.869
  type: 'test'
  location: 'D:\\Documents\\OpenJatobid\\client\\electron\\services\\technicalPlanStore.qualityPersistence.test.cjs:64:1'
  failureType: 'testCodeFailure'
  error: |-
    The module '\\?\D:\Documents\OpenJatobid\client\node_modules\better-sqlite3\build\Release\better_sqlite3.node'
    was compiled against a different Node.js version using
    NODE_MODULE_VERSION 145. This version of Node.js requires
    NODE_MODULE_VERSION 147. Please try re-compiling or re-installing
    the module (for instance, using `npm rebuild` or `npm install`).
  code: 'ERR_DLOPEN_FAILED'
  stack: |-
    Object..node (node:internal/modules/cjs/loader:2023:18)
    Module.load (node:internal/modules/cjs/loader:1579:32)
    Module._load (node:internal/modules/cjs/loader:1381:12)
    wrapModuleLoad (node:internal/modules/cjs/loader:255:19)
    Module.require (node:internal/modules/cjs/loader:1602:12)
    require (node:internal/modules/helpers:191:16)
    bindings (D:\Documents\OpenJatobid\client\node_modules\bindings\bindings.js:112:48)
    new Database (D:\Documents\OpenJatobid\client\node_modules\better-sqlite3\lib\database.js:48:64)
    createSqliteDatabase (D:\Documents\OpenJatobid\client\electron\services\sqliteDatabase.cjs:2000:14)
    TestContext.<anonymous> (D:\Documents\OpenJatobid\client\electron\services\technicalPlanStore.qualityPersistence.test.cjs:67:18)
  ...
# Subtest: 正文生成配置不再保存最低字数，字数控制仅保留目录快照
not ok 285 - 正文生成配置不再保存最低字数，字数控制仅保留目录快照
  ---
  duration_ms: 5.1171
  type: 'test'
  location: 'D:\\Documents\\OpenJatobid\\client\\electron\\services\\technicalPlanStore.qualityPersistence.test.cjs:155:1'
  failureType: 'testCodeFailure'
  error: |-
    The module '\\?\D:\Documents\OpenJatobid\client\node_modules\better-sqlite3\build\Release\better_sqlite3.node'
    was compiled against a different Node.js version using
    NODE_MODULE_VERSION 145. This version of Node.js requires
    NODE_MODULE_VERSION 147. Please try re-compiling or re-installing
    the module (for instance, using `npm rebuild` or `npm install`).
  code: 'ERR_DLOPEN_FAILED'
  stack: |-
    Object..node (node:internal/modules/cjs/loader:2023:18)
    Module.load (node:internal/modules/cjs/loader:1579:32)
    Module._load (node:internal/modules/cjs/loader:1381:12)
    wrapModuleLoad (node:internal/modules/cjs/loader:255:19)
    Module.require (node:internal/modules/cjs/loader:1602:12)
    require (node:internal/modules/helpers:191:16)
    bindings (D:\Documents\OpenJatobid\client\node_modules\bindings\bindings.js:112:48)
    new Database (D:\Documents\OpenJatobid\client\node_modules\better-sqlite3\lib\database.js:48:64)
    createSqliteDatabase (D:\Documents\OpenJatobid\client\electron\services\sqliteDatabase.cjs:2000:14)
    TestContext.<anonymous> (D:\Documents\OpenJatobid\client\electron\services\technicalPlanStore.qualityPersistence.test.cjs:158:18)
  ...
# Subtest: 中断的正文全量生成会恢复持久化备份
ok 286 - 中断的正文全量生成会恢复持久化备份
  ---
  duration_ms: 6.503
  type: 'test'
  ...
# Subtest: 目录任务成功后以一次提交保存，并保留生成阶段的重点标签
ok 287 - 目录任务成功后以一次提交保存，并保留生成阶段的重点标签
  ---
  duration_ms: 3.7036
  type: 'test'
  ...
# Subtest: selects the normalized Windows EXE before MSI and ZIP
ok 288 - selects the normalized Windows EXE before MSI and ZIP
  ---
  duration_ms: 2.4204
  type: 'test'
  ...
# Subtest: compares stable versions and rejects prerelease ambiguity
ok 289 - compares stable versions and rejects prerelease ambiguity
  ---
  duration_ms: 0.6482
  type: 'test'
  ...
# Subtest: uses the Cloudflare R2 update channel for both current and legacy configuration
ok 290 - uses the Cloudflare R2 update channel for both current and legacy configuration
  ---
  duration_ms: 0.3003
  type: 'test'
  ...
# Subtest: normalizes manifest and GitHub digest SHA-256 values
ok 291 - normalizes manifest and GitHub digest SHA-256 values
  ---
  duration_ms: 0.5141
  type: 'test'
  ...
# Subtest: keeps update errors stage-aware and removes HTML from the user message
ok 292 - keeps update errors stage-aware and removes HTML from the user message
  ---
  duration_ms: 3.7169
  type: 'test'
  ...
# Subtest: reuses a cached update only when size and SHA-256 both match
ok 293 - reuses a cached update only when size and SHA-256 both match
  ---
  duration_ms: 36.8151
  type: 'test'
  ...
# Subtest: downloads atomically and deletes a stale cache when SHA-256 verification fails
ok 294 - downloads atomically and deletes a stale cache when SHA-256 verification fails
  ---
  duration_ms: 147.5424
  type: 'test'
  ...
# Subtest: HTML screenshot retry succeeds on the third attempt and reports both retries
ok 295 - HTML screenshot retry succeeds on the third attempt and reports both retries
  ---
  duration_ms: 3.8302
  type: 'test'
  ...
# Subtest: packages only target-platform Agent tools
ok 296 - packages only target-platform Agent tools
  ---
  duration_ms: 3.2448
  type: 'test'
  ...
# node:internal/modules/cjs/loader:1505
#   throw err;
#   ^
# Error: Cannot find module 'playwright'
# Require stack:
# - D:\\Documents\\OpenJatobid\\client\\scripts\\v175-outline-sort.test.cjs
#     at Module._resolveFilename (node:internal/modules/cjs/loader:1502:15)
#     at wrapResolveFilename (node:internal/modules/cjs/loader:1073:27)
#     at defaultResolveImplForCJSLoading (node:internal/modules/cjs/loader:1097:10)
#     at resolveForCJSWithHooks (node:internal/modules/cjs/loader:1118:12)
#     at Module._load (node:internal/modules/cjs/loader:1287:25)
#     at wrapModuleLoad (node:internal/modules/cjs/loader:255:19)
#     at Module.require (node:internal/modules/cjs/loader:1602:12)
#     at require (node:internal/modules/helpers:191:16)
#     at Object.<anonymous> (D:\\Documents\\OpenJatobid\\client\\scripts\\v175-outline-sort.test.cjs:6:23)
#     at Module._compile (node:internal/modules/cjs/loader:1856:14) {
#   code: 'MODULE_NOT_FOUND',
#   requireStack: [
#     'D:\\\\Documents\\\\OpenJatobid\\\\client\\\\scripts\\\\v175-outline-sort.test.cjs'
#   ]
# }
# Node.js v26.1.0
# Subtest: scripts\\v175-outline-sort.test.cjs
not ok 67 - scripts\\v175-outline-sort.test.cjs
  ---
  duration_ms: 227.256
  type: 'test'
  location: 'D:\\Documents\\OpenJatobid\\client\\scripts\\v175-outline-sort.test.cjs:1:1'
  failureType: 'testCodeFailure'
  exitCode: 1
  signal: ~
  error: 'test failed'
  code: 'ERR_TEST_FAILURE'
  ...
# Subtest: license status subscription stays mounted before and after authorization
ok 298 - license status subscription stays mounted before and after authorization
  ---
  duration_ms: 2.1092
  type: 'test'
  ...
# Subtest: authorization confirmation rereads persisted status and rejects a concurrent invalidation event
ok 299 - authorization confirmation rereads persisted status and rejects a concurrent invalidation event
  ---
  duration_ms: 1.6294
  type: 'test'
  ...
# Subtest: startup login reflects an invalidation that arrives while authorization confirmation is in flight
ok 300 - startup login reflects an invalidation that arrives while authorization confirmation is in flight
  ---
  duration_ms: 3.029
  type: 'test'
  ...
# Subtest: 会话列表按时间归类、悬停显示菜单并支持批量删除
ok 301 - 会话列表按时间归类、悬停显示菜单并支持批量删除
  ---
  duration_ms: 4.2104
  type: 'test'
  ...
# Subtest: 批量删除期间不加载即将删除的会话
ok 302 - 批量删除期间不加载即将删除的会话
  ---
  duration_ms: 1.1024
  type: 'test'
  ...
# Subtest: 对话输入框仅通过上边沿调节高度
ok 303 - 对话输入框仅通过上边沿调节高度
  ---
  duration_ms: 0.71
  type: 'test'
  ...
# Subtest: 系统提示词分组默认显示
ok 304 - 系统提示词分组默认显示
  ---
  duration_ms: 2.5041
  type: 'test'
  ...
# Subtest: 提示词覆盖当前输入框内容
ok 305 - 提示词覆盖当前输入框内容
  ---
  duration_ms: 71.8516
  type: 'test'
  ...
# Subtest: 文件夹重命名使用受控 Radix Dialog，不再调用 window.prompt
ok 306 - 文件夹重命名使用受控 Radix Dialog，不再调用 window.prompt
  ---
  duration_ms: 3.7771
  type: 'test'
  ...
# Subtest: 重命名提交显式保护空值、同名、重复提交和 IPC 空返回
ok 307 - 重命名提交显式保护空值、同名、重复提交和 IPC 空返回
  ---
  duration_ms: 0.6763
  type: 'test'
  ...
# Subtest: Viewer Header 使用独立语义区并将模式和开发者操作分组
ok 308 - Viewer Header 使用独立语义区并将模式和开发者操作分组
  ---
  duration_ms: 1.217
  type: 'test'
  ...
# Subtest: Viewer Header 支持长文件名和三档无横向滚动布局
ok 309 - Viewer Header 支持长文件名和三档无横向滚动布局
  ---
  duration_ms: 4.1978
  type: 'test'
  ...
# Subtest: 文档列表支持当前文件夹多选、全选和批量删除
ok 310 - 文档列表支持当前文件夹多选、全选和批量删除
  ---
  duration_ms: 1.4645
  type: 'test'
  ...
# Subtest: 无可沉淀正文使用中性的已跳过状态，不显示为失败
ok 311 - 无可沉淀正文使用中性的已跳过状态，不显示为失败
  ---
  duration_ms: 0.5826
  type: 'test'
  ...
# Subtest: 开发者模式可一次提交全部待匹配文档，并说明匹配对象
ok 312 - 开发者模式可一次提交全部待匹配文档，并说明匹配对象
  ---
  duration_ms: 0.5019
  type: 'test'
  ...
# Subtest: 后台任务回放后以工作区完整快照清除已失效的运行态
ok 313 - 后台任务回放后以工作区完整快照清除已失效的运行态
  ---
  duration_ms: 1.9638
  type: 'test'
  ...
# Subtest: 图片编排确认突出 AI 推荐并将人工选择作为兜底
not ok 314 - 图片编排确认突出 AI 推荐并将人工选择作为兜底
  ---
  duration_ms: 4.8166
  type: 'test'
  location: 'D:\\Documents\\OpenJatobid\\client\\src\\features\\technical-plan\\pages\\ContentEditPage.illustrationConfirmation.ui.test.cjs:9:1'
  failureType: 'testCodeFailure'
  error: |-
    The input did not match the regular expression /content-regenerate-card-head illustration-confirmation-headline/. Input:
    
    '<Dialog.Title>图片编排确认</Dialog.Title>\r\n' +
      '              <Dialog.Description>请确认本次技术方案的配图计划，确认后开始生成。</Dialog.Description>\r\n' +
      '            </div>\r\n' +
      '            <div className="illustration-confirmation-overview">\r\n' +
      '              <div className="illustration-confirmation-metrics">\r\n' +
      '                <span>预计生成图片 <b>{illustrationPlanDraft?.items.filter((item) => item.selected !== false).length || 0}</b><em>张</em></span>\r\n' +
      "                <span>HTML 图片 <b>{illustrationPlanDraft?.items.filter((item) => item.selected !== false && item.kind === 'html').length || 0}</b><em>张</em></span>\r\n" +
      "                <span>AI 生成图片 <b>{illustrationPlanDraft?.items.filter((item) => item.selected !== false && item.kind === 'ai').length || 0}</b><em>张</em></span>\r\n" +
      '              </div>\r\n' +
      '              <div className="illustration-style-controls">\r\n' +
      "                <section className={`illustration-style-card${recommendedVisualStyle ? '' : ' is-empty'}`}>\r\n" +
      '                  <div className="illustration-style-recommendation">\r\n' +
      '                    <span>AI 推荐视觉风格</span>\r\n' +
      "                    <strong>{recommendedVisualStyle || 'AI 未推荐'}</strong>\r\n" +
      '                    <p>{recommendedVisualStyle\r\n' +
      "                      ? `依据：${(illustrationPlanDraft?.recommended_visual_style_evidence || []).join(' · ') || '项目核心对象与成果'}`\r\n" +
      "                      : '未识别到足够的专业领域证据，请人工选择。'}</p>\r\n" +
      '                  </div>\r\n' +
      '                  <div className="illustration-style-icon-panel">\r\n' +
      '                    <VisualStyleIcon style={selectedVisualStyle} />\r\n' +
      "                    <span>{selectedVisualStyle || '待选择'}</span>\r\n" +
      '                  </div>\r\n' +
      '                  <div className="illustration-style-manual">\r\n' +
      '                    <div className="illustration-style-manual-head">\r\n' +
      '                      <span>人工兜底调整</span>\r\n' +
      '                      {hasManualVisualStyle ? <i>已人工指定</i> : null}\r\n' +
      '                    </div>\r\n' +
      '                    <select\r\n' +
      '                      aria-label="人工兜底调整全文视觉风格"\r\n' +
      '                      value={selectedVisualStyle}\r\n' +
      '                      onChange={(event) => setIllustrationPlanDraft((plan) => plan ? {\r\n' +
      '                        ...plan,\r\n' +
      '                        visual_style: event.target.value === plan.recommended_visual_style ? undefined : event.target.value,\r\n' +
      '                      } : plan)}\r\n' +
      '                    >\r\n' +
      '                      {!recommendedVisualStyle ? <option value="">请选择</option> : null}\r\n' +
      '                      {visualStyleOptions.map((style) => <option key={style} value={style}>{style}</option>)}\r\n' +
      '                    </select>\r\n' +
      '                    <p>仅当 AI 推荐与项目实际不符时调整；确认后全文配图统一按人工选择执行。</p>\r\n' +
      '                  </div>\r\n' +
      '                </section>\r\n' +
      '              </div>\r\n' +
      '            </div>\r\n' +
      '            {illustrationPlanDraft?.visual_rhythm_diagnostics?.length ? <div className="illustration-rhythm-diagnostics" role="status">\r\n' +
      '              <strong>视觉节奏建议</strong>\r\n' +
      '              <ul>{illustrationPlanDraft.visual_rhythm_diagnostics.map((diagnostic) => <li key={diagnostic.code}>{diagnostic.message}</li>)}</ul>\r\n' +
      '            </div> : null}\r\n' +
      '            <div className="illustration-confirmation-table">\r\n' +
      '              <div className="illustration-confirmation-row illustration-confirmation-head"><span>生成</span><span>章节与锚点</span><span>图片标题</span><span>类型</span><span>图表类型与视觉作用</span></div>\r\n' +
      '              {illustrationPlanDraft?.items.map((item) => (\r\n' +
      '                <div className="illustration-confirmation-row" key={item.item_id}>\r\n' +
      '                  <input type="checkbox" checked={item.selected !== false} onChange={(event) => setIllustrationPlanDraft((plan) => plan ? { ...plan, items: plan.items.map((candidate) => candidate.item_id === item.item_id ? { ...candidate, selected: event.target.checked } : candidate) } : plan)} />\r\n' +
      "                  <span>{item.section_ids.join('、')}</span>\r\n" +
      '                  <input value={item.title} onChange={(event) => setIllustrationPlanDraft((plan) => plan ? { ...plan, items: plan.items.map((candidate) => candidate.item_id === item.item_id ? { ...candidate, title: event.target.value } : candidate) } : plan)} />\r\n' +
      '                  <select value={item.kind} onChange={(event) => setIllustrationPlanDraft((plan) => plan ? { ...plan, items: plan.items.map((candidate) => candidate.item_id === item.item_id ? { ...candidate, kind: event.target.value as ContentIllustrationKind } : candidate) } : plan)}><option value="html">HTML</option><option value="ai">AI</option></select>\r\n' +
      "                  <span>{item.image_type} · {item.visual_role || item.purpose || '未指定'}</span>\r\n" +
      '                </div>\r\n' +
      '              ))}\r\n' +
      '            </div>\r\n' +
      '            <p className="illustration-confirmation-note">图片编号和图注将在正文中自动生成。</p>\r\n' +
      '            <div className="content-regenerate-actions">\r\n' +
      '              <button type="button" className="secondary-action" onClick={() => void saveIllustrationPlanConfirmation(false)}>保存计划</button>\r\n' +
      '              <button type="button" className="primary-action" onClick={() => void saveIllustrationPlanConfirmation(true)}>确认并开始生成</button>\r\n' +
      '            </div>\r\n' +
      '          </Dialog.Content>\r\n' +
      '        </Dialog.Portal>\r\n' +
      '      </Dialog.Root>\r\n' +
      '\r\n' +
      '      <Dialog.Root\r\n' +
      '        open={Boolean(requirementItem)}\r\n' +
      '        onOpenChange={(open) => {\r\n' +
      '          if (!open) {\r\n' +
      '            setRequirementItem(null);\r\n' +
      "            setRegenerateRequirement('');\r\n" +
      '          }\r\n' +
      '        }}\r\n' +
      '      >\r\n' +
      '        <Dialog.Portal>\r\n' +
      '          <Dialog.Overlay className="content-regenerate-modal" />\r\n' +
      '          <Dialog.Content className="content-regenerate-card">\r\n' +
      '            <div className="content-regenerate-card-head">\r\n' +
      '              <span className="section-kicker">重新生成</span>\r\n' +
      '              <Dialog.Title>{requirementItem?.id} {requirementItem?.title}</Dialog.Title>\r\n' +
      '              <Dialog.Description>输入本次重新生成的具体要求，AI 会只覆盖当前小节正文。</Dialog.Description>\r\n' +
      '            </div>\r\n' +
      '            <textarea\r\n' +
      '              value={regenerateRequirement}\r\n' +
      '              onChange={(event) => setRegenerateRequirement(event.target.value)}\r\n' +
      '              placeholder="例如：强化实施步骤，减少背景描述，突出设备配置与运维响应。"\r\n' +
      '            />\r\n' +
      '            <div className="content-regenerate-actions">\r\n' +
      '              <Dialog.Close className="secondary-action" type="button">取消</Dialog.Close>\r\n' +
      '              <button type="button" className="primary-action" onClick={startSectionRegeneration} disabled={taskBlocksGeneration}>开始重新生成</button>\r\n' +
      '            </div>\r\n' +
      '          </Dialog.Content>\r\n' +
      '        </Dialog.Portal>\r\n' +
      '      </Dialog.Root>\r\n' +
      '      <Dialog.Root open={Boolean(previewImage)} onOpenChange={(open) => !open && setPreviewImage(null)}>\r\n' +
      '        <Dialog.Portal>\r\n' +
      '          <Dialog.Overlay className="image-preview-modal" />\r\n' +
      '          <Dialog.Content className="image-preview-card">\r\n' +
      '            <Dialog.Close className="image-preview-close" type="button" aria-label="关闭图片预览">×</Dialog.Close>\r\n' +
      "            <Dialog.Title>{previewImage?.alt || '图片预览'}</Dialog.Title>\r\n" +
      '            {previewImage && <img src={previewImage.src} alt={previewImage.alt} />}\r\n' +
      '          </Dialog.Content>\r\n' +
      '        </Dialog.Portal>\r\n' +
      '      </Dialog.Root>\r\n' +
      '    </div>\r\n' +
      '  );\r\n' +
      '}\r\n' +
      '\r\n' +
      'export default ContentEditPage;\r'
    
  code: 'ERR_ASSERTION'
  name: 'AssertionError'
  expected:
  actual: |-
    <Dialog.Title>图片编排确认</Dialog.Title>
                  <Dialog.Description>请确认本次技术方案的配图计划，确认后开始生成。</Dialog.Description>
                </div>
                <div className="illustration-confirmation-overview">
                  <div className="illustration-confirmation-metrics">
                    <span>预计生成图片 <b>{illustrationPlanDraft?.items.filter((item) => item.selected !== false).length || 0}</b><em>张</em></span>
                    <span>HTML 图片 <b>{illustrationPlanDraft?.items.filter((item) => item.selected !== false && item.kind === 'html').length || 0}</b><em>张</em></span>
                    <span>AI 生成图片 <b>{illustrationPlanDraft?.items.filter((item) => item.selected !== false && item.kind === 'ai').length || 0}</b><em>张</em></span>
                  </div>
                  <div className="illustration-style-controls">
                    <section className={`illustration-style-card${recommendedVisualStyle ? '' : ' is-empty'}`}>
                      <div className="illustration-style-recommendation">
                        <span>AI 推荐视觉风格</span>
                        <strong>{recommendedVisualStyle || 'AI 未推荐'}</strong>
                        <p>{recommendedVisualStyle
                          ? `依据：${(illustrationPlanDraft?.recommended_visual_style_evidence || []).join(' · ') || '项目核心对象与成果'}`
                          : '未识别到足够的专业领域证据，请人工选择。'}</p>
                      </div>
                      <div className="illustration-style-icon-panel">
                        <VisualStyleIcon style={selectedVisualStyle} />
                        <span>{selectedVisualStyle || '待选择'}</span>
                      </div>
                      <div className="illustration-style-manual">
                        <div className="illustration-style-manual-head">
                          <span>人工兜底调整</span>
                          {hasManualVisualStyle ? <i>已人工指定</i> : null}
                        </div>
                        <select
                          aria-label="人工兜底调整全文视觉风格"
                          value={selectedVisualStyle}
                          onChange={(event) => setIllustrationPlanDraft((plan) => plan ? {
                            ...plan,
                            visual_style: event.target.value === plan.recommended_visual_style ? undefined : event.target.value,
                          } : plan)}
                        >
                          {!recommendedVisualStyle ? <option value="">请选择</option> : null}
                          {visualStyleOptions.map((style) => <option key={style} value={style}>{style}</option>)}
                        </select>
                        <p>仅当 AI 推荐与项目实际不符时调整；确认后全文配图统一按人工选择执行。</p>
                      </div>
                    </section>
                  </div>
                </div>
                {illustrationPlanDraft?.visual_rhythm_diagnostics?.length ? <div className="illustration-rhythm-diagnostics" role="status">
                  <strong>视觉节奏建议</strong>
                  <ul>{illustrationPlanDraft.visual_rhythm_diagnostics.map((diagnostic) => <li key={diagnostic.code}>{diagnostic.message}</li>)}</ul>
                </div> : null}
                <div className="illustration-confirmation-table">
                  <div className="illustration-confirmation-row illustration-confirmation-head"><span>生成</span><span>章节与锚点</span><span>图片标题</span><span>类型</span><span>图表类型与视觉作用</span></div>
                  {illustrationPlanDraft?.items.map((item) => (
                    <div className="illustration-confirmation-row" key={item.item_id}>
                      <input type="checkbox" checked={item.selected !== false} onChange={(event) => setIllustrationPlanDraft((plan) => plan ? { ...plan, items: plan.items.map((candidate) => candidate.item_id === item.item_id ? { ...candidate, selected: event.target.checked } : candidate) } : plan)} />
                      <span>{item.section_ids.join('、')}</span>
                      <input value={item.title} onChange={(event) => setIllustrationPlanDraft((plan) => plan ? { ...plan, items: plan.items.map((candidate) => candidate.item_id === item.item_id ? { ...candidate, title: event.target.value } : candidate) } : plan)} />
                      <select value={item.kind} onChange={(event) => setIllustrationPlanDraft((plan) => plan ? { ...plan, items: plan.items.map((candidate) => candidate.item_id === item.item_id ? { ...candidate, kind: event.target.value as ContentIllustrationKind } : candidate) } : plan)}><option value="html">HTML</option><option value="ai">AI</option></select>
                      <span>{item.image_type} · {item.visual_role || item.purpose || '未指定'}</span>
                    </div>
                  ))}
                </div>
                <p className="illustration-confirmation-note">图片编号和图注将在正文中自动生成。</p>
                <div className="content-regenerate-actions">
                  <button type="button" className="secondary-action" onClick={() => void saveIllustrationPlanConfirmation(false)}>保存计划</button>
                  <button type="button" className="primary-action" onClick={() => void saveIllustrationPlanConfirmation(true)}>确认并开始生成</button>
                </div>
              </Dialog.Content>
            </Dialog.Portal>
          </Dialog.Root>
    
          <Dialog.Root
            open={Boolean(requirementItem)}
            onOpenChange={(open) => {
              if (!open) {
                setRequirementItem(null);
                setRegenerateRequirement('');
              }
            }}
          >
            <Dialog.Portal>
              <Dialog.Overlay className="content-regenerate-modal" />
              <Dialog.Content className="content-regenerate-card">
                <div className="content-regenerate-card-head">
                  <span className="section-kicker">重新生成</span>
                  <Dialog.Title>{requirementItem?.id} {requirementItem?.title}</Dialog.Title>
                  <Dialog.Description>输入本次重新生成的具体要求，AI 会只覆盖当前小节正文。</Dialog.Description>
                </div>
                <textarea
                  value={regenerateRequirement}
                  onChange={(event) => setRegenerateRequirement(event.target.value)}
                  placeholder="例如：强化实施步骤，减少背景描述，突出设备配置与运维响应。"
                />
                <div className="content-regenerate-actions">
                  <Dialog.Close className="secondary-action" type="button">取消</Dialog.Close>
                  <button type="button" className="primary-action" onClick={startSectionRegeneration} disabled={taskBlocksGeneration}>开始重新生成</button>
                </div>
              </Dialog.Content>
            </Dialog.Portal>
          </Dialog.Root>
          <Dialog.Root open={Boolean(previewImage)} onOpenChange={(open) => !open && setPreviewImage(null)}>
            <Dialog.Portal>
              <Dialog.Overlay className="image-preview-modal" />
              <Dialog.Content className="image-preview-card">
                <Dialog.Close className="image-preview-close" type="button" aria-label="关闭图片预览">×</Dialog.Close>
                <Dialog.Title>{previewImage?.alt || '图片预览'}</Dialog.Title>
                {previewImage && <img src={previewImage.src} alt={previewImage.alt} />}
              </Dialog.Content>
            </Dialog.Portal>
          </Dialog.Root>
        </div>
      );
    }
    
    export default ContentEditPage;
  operator: 'match'
  stack: |-
    TestContext.<anonymous> (D:\Documents\OpenJatobid\client\src\features\technical-plan\pages\ContentEditPage.illustrationConfirmation.ui.test.cjs:15:10)
    Test.runInAsyncScope (node:async_hooks:226:14)
    Test.run (node:internal/test_runner/test:1306:25)
    Test.start (node:internal/test_runner/test:1177:17)
    startSubtestAfterBootstrap (node:internal/test_runner/harness:385:17)
  ...
# Subtest: 图片编排确认使用紧凑顶部与风格图标
ok 315 - 图片编排确认使用紧凑顶部与风格图标
  ---
  duration_ms: 3.5544
  type: 'test'
  ...
# Subtest: 目录生成配置按实际区块数量分配行高，知识库选择区占据剩余空间
ok 316 - 目录生成配置按实际区块数量分配行高，知识库选择区占据剩余空间
  ---
  duration_ms: 3.7436
  type: 'test'
  ...
# Subtest: 字数预设固定生效，不再展示总开关
ok 317 - 字数预设固定生效，不再展示总开关
  ---
  duration_ms: 0.5624
  type: 'test'
  ...
# Subtest: 目录生成弹窗扩大工作面并压缩 Agent 调试卡片
ok 318 - 目录生成弹窗扩大工作面并压缩 Agent 调试卡片
  ---
  duration_ms: 1.0852
  type: 'test'
  ...
# Subtest: 目录排序提供同级上移下移，并在非法层级目标上禁用操作
ok 319 - 目录排序提供同级上移下移，并在非法层级目标上禁用操作
  ---
  duration_ms: 0.8033
  type: 'test'
  ...
1..319
# tests 319
# suites 0
# pass 291
# fail 27
# cancelled 0
# skipped 1
# todo 0
# duration_ms 5555.374
